#
# There is insufficient memory for the Java Runtime Environment to continue.
# Native memory allocation (malloc) failed to allocate 32744 bytes for ChunkPool::allocate
# Possible reasons:
#   The system is out of physical RAM or swap space
#   The process is running with CompressedOops enabled, and the Java Heap may be blocking the growth of the native heap
# Possible solutions:
#   Reduce memory load on the system
#   Increase physical memory or swap space
#   Check if swap backing store is full
#   Decrease Java heap size (-Xmx/-Xms)
#   Decrease number of Java threads
#   Decrease Java thread stack sizes (-Xss)
#   Set larger code cache with -XX:ReservedCodeCacheSize=
#   JVM is running with Zero Based Compressed Oops mode in which the Java heap is
#     placed in the first 32GB address space. The Java Heap base address is the
#     maximum limit for the native heap growth. Please use -XX:HeapBaseMinAddress
#     to set the Java Heap base and to place the Java Heap above 32GB virtual address.
# This output file may be truncated or incomplete.
#
#  Out of Memory Error (arena.cpp:81), pid=29216, tid=27108
#
# JRE version: OpenJDK Runtime Environment Microsoft-13096984 (11.0.30+7) (build 11.0.30+7-LTS)
# Java VM: OpenJDK 64-Bit Server VM Microsoft-13096984 (11.0.30+7-LTS, mixed mode, sharing, tiered, compressed oops, g1 gc, windows-amd64)
# No core dump will be written. Minidumps are not enabled by default on client versions of Windows
#

---------------  S U M M A R Y ------------

Command Line: -XX:TieredStopAtLevel=1 -Xverify:none -Dspring.output.ansi.enabled=always -Dcom.sun.management.jmxremote -Dspring.jmx.enabled=true -Dspring.liveBeansView.mbeanDomain -Dspring.application.admin.enabled=true -Dmanagement.endpoints.jmx.exposure.include=* -javaagent:D:\IDEA\IntelliJ IDEA 2025.1.3\lib\idea_rt.jar=6482 -Dfile.encoding=UTF-8 com.zhihu.AdminServiceApplication

Host: 12th Gen Intel(R) Core(TM) i5-12500H, 16 cores, 15G,  Windows 11 , 64 bit Build 26100 (10.0.26100.8328)
Time: Thu May 14 22:36:20 2026  Windows 11 , 64 bit Build 26100 (10.0.26100.8328) elapsed time: 21081.393344 seconds (0d 5h 51m 21s)

---------------  T H R E A D  ---------------

Current thread (0x00000293fc11b000):  VMThread "VM Thread" [stack: 0x000000f828700000,0x000000f828800000] [id=27108] _threads_hazard_ptr=0x00000293fc9207e0

Stack: [0x000000f828700000,0x000000f828800000]
[error occurred during error reporting (printing stack bounds), id 0xc0000005, EXCEPTION_ACCESS_VIOLATION (0xc0000005) at pc=0x00000293df93112d]

Native frames: (J=compiled Java code, j=interpreted, Vv=VM code, C=native code)
V  [jvm.dll+0x65984a]
V  [jvm.dll+0x7eb8e8]
V  [jvm.dll+0x7ecfd9]
V  [jvm.dll+0x7ed645]
V  [jvm.dll+0x7ed5fb]
V  [jvm.dll+0x658b5e]
V  [jvm.dll+0x659248]
C  [ntdll.dll+0x1663df]
C  [ntdll.dll+0x19497]
C  [ntdll.dll+0x165d1e]
C  0x00000293df93112d

VM_Operation (0x000000f82b6fe3e0): BulkRevokeBias, mode: safepoint, requested by thread 0x0000029381260000


---------------  P R O C E S S  ---------------

Threads class SMR info:
_java_thread_list=0x00000293fc9207e0, length=127, elements={
0x00000293fc11e000, 0x00000293fc121800, 0x00000293fc144800, 0x00000293fc145800,
0x00000293fc146800, 0x00000293fc148800, 0x00000293fc159800, 0x00000293fc110800,
0x00000293fc8ce000, 0x00000293fca15000, 0x00000293fd2a9800, 0x00000293fdbd8800,
0x00000293fdbda800, 0x00000293fdbd8000, 0x00000293fdbdb000, 0x00000293fdbdc000,
0x00000293fdbd9800, 0x00000293fdbde800, 0x00000293fdbdc800, 0x00000293fdbdd800,
0x0000029381258000, 0x0000029381259000, 0x0000029381256800, 0x0000029381259800,
0x0000029381257000, 0x000002938125c000, 0x000002938125a800, 0x000002938125d000,
0x000002938125d800, 0x000002938125b800, 0x0000029381261000, 0x000002938125e800,
0x0000029381260000, 0x000002938125f800, 0x0000029381262000, 0x0000029381264800,
0x0000029381265000, 0x0000029381262800, 0x0000029381263800, 0x00000293812ee000,
0x00000293812ec800, 0x00000293812ed000, 0x00000293812ee800, 0x00000293812f1000,
0x00000293812f0800, 0x00000293812f2000, 0x00000293812ef800, 0x00000293812f4800,
0x00000293812f5800, 0x00000293812f3800, 0x00000293812f3000, 0x00000293812f8800,
0x00000293812f7800, 0x00000293812f7000, 0x00000293812f6000, 0x00000293812f9800,
0x00000293812fa000, 0x00000293812fb000, 0x00000293817b0000, 0x00000293817ae000,
0x00000293817ad800, 0x00000293817b1800, 0x00000293fcb68000, 0x00000293fcb69000,
0x00000293fcb6a000, 0x00000293fcb6a800, 0x00000293fcb6e800, 0x00000293fcb6d000,
0x00000293fcb6c000, 0x00000293fcb6f800, 0x00000293fcb70800, 0x00000293fcb6e000,
0x00000293fcb71000, 0x00000293fcb74800, 0x00000293fcb72000, 0x00000293fcb73000,
0x00000293fcb75000, 0x00000293ff7d4800, 0x00000293ff7d2000, 0x00000293ff7d3000,
0x00000293ff7d0800, 0x00000293ff7d3800, 0x00000293ff7cf800, 0x00000293ff7d8800,
0x00000293ff7d6000, 0x00000293ff7db000, 0x00000293ff7dd800, 0x00000293ff7d1000,
0x00000293ff7d7000, 0x00000293ff7dc800, 0x00000293ff7de000, 0x00000293817b0800,
0x00000293817b3000, 0x00000293817b4000, 0x00000293ff7d5000, 0x00000293fcb66800,
0x00000293fcb67800, 0x00000293ff7d9800, 0x00000293fcb73800, 0x00000293817af000,
0x00000293fcb6b800, 0x00000293fd404000, 0x00000293fd408000, 0x00000293fd404800,
0x00000293fd409800, 0x00000293fd406800, 0x00000293fd40b000, 0x00000293fd407000,
0x00000293fd40d000, 0x00000293fd40e800, 0x00000293fd40c000, 0x00000293fd40f800,
0x00000293fd408800, 0x00000293fd40d800, 0x00000293fd411800, 0x00000293fd412800,
0x00000293fd411000, 0x00000293ff7da000, 0x00000293ff7d7800, 0x00000293ff7dc000,
0x0000029381e86000, 0x0000029381e87000, 0x0000029381e8a000, 0x0000029381e85000,
0x0000029381e8b000, 0x0000029381e89800, 0x0000029381e87800
}

Java Threads: ( => current thread )
  0x00000293fc11e000 JavaThread "Reference Handler" daemon [_thread_blocked, id=29752, stack(0x000000f828800000,0x000000f828900000)]
  0x00000293fc121800 JavaThread "Finalizer" daemon [_thread_blocked, id=27892, stack(0x000000f828900000,0x000000f828a00000)]
  0x00000293fc144800 JavaThread "Signal Dispatcher" daemon [_thread_blocked, id=18552, stack(0x000000f828a00000,0x000000f828b00000)]
  0x00000293fc145800 JavaThread "Attach Listener" daemon [_thread_blocked, id=29440, stack(0x000000f828b00000,0x000000f828c00000)]
  0x00000293fc146800 JavaThread "Service Thread" daemon [_thread_blocked, id=28584, stack(0x000000f828c00000,0x000000f828d00000)]
  0x00000293fc148800 JavaThread "C1 CompilerThread0" daemon [_thread_blocked, id=29256, stack(0x000000f828d00000,0x000000f828e00000)]
  0x00000293fc159800 JavaThread "Sweeper thread" daemon [_thread_blocked, id=20636, stack(0x000000f828e00000,0x000000f828f00000)]
  0x00000293fc110800 JavaThread "Common-Cleaner" daemon [_thread_blocked, id=30808, stack(0x000000f828f00000,0x000000f829000000)]
  0x00000293fc8ce000 JavaThread "Monitor Ctrl-Break" daemon [_thread_in_native, id=29808, stack(0x000000f829000000,0x000000f829100000)]
  0x00000293fca15000 JavaThread "RMI TCP Accept-0" daemon [_thread_in_native, id=30380, stack(0x000000f829100000,0x000000f829200000)]
  0x00000293fd2a9800 JavaThread "RMI Scheduler(0)" daemon [_thread_blocked, id=29236, stack(0x000000f829900000,0x000000f829a00000)]
  0x00000293fdbd8800 JavaThread "logback-1" daemon [_thread_blocked, id=28044, stack(0x000000f829e00000,0x000000f829f00000)]
  0x00000293fdbda800 JavaThread "Catalina-utility-1" [_thread_blocked, id=31472, stack(0x000000f829c00000,0x000000f829d00000)]
  0x00000293fdbd8000 JavaThread "Catalina-utility-2" [_thread_blocked, id=26064, stack(0x000000f82a000000,0x000000f82a100000)]
  0x00000293fdbdb000 JavaThread "container-0" [_thread_blocked, id=26872, stack(0x000000f82a100000,0x000000f82a200000)]
  0x00000293fdbdc000 JavaThread "mysql-cj-abandoned-connection-cleanup" daemon [_thread_blocked, id=5552, stack(0x000000f82a200000,0x000000f82a300000)]
  0x00000293fdbd9800 JavaThread "Thread-2" daemon [_thread_in_native, id=22512, stack(0x000000f82a500000,0x000000f82a600000)]
  0x00000293fdbde800 JavaThread "lettuce-timer-3-1" daemon [_thread_blocked, id=19272, stack(0x000000f82a600000,0x000000f82a700000)]
  0x00000293fdbdc800 JavaThread "redisson-netty-4-1" [_thread_blocked, id=31928, stack(0x000000f82a700000,0x000000f82a800000)]
  0x00000293fdbdd800 JavaThread "redisson-netty-4-2" [_thread_in_native, id=31948, stack(0x000000f82a800000,0x000000f82a900000)]
  0x0000029381258000 JavaThread "redisson-netty-4-3" [_thread_in_native, id=31952, stack(0x000000f82a900000,0x000000f82aa00000)]
  0x0000029381259000 JavaThread "redisson-netty-4-4" [_thread_in_native, id=31956, stack(0x000000f82aa00000,0x000000f82ab00000)]
  0x0000029381256800 JavaThread "redisson-netty-4-5" [_thread_in_native, id=31960, stack(0x000000f82ab00000,0x000000f82ac00000)]
  0x0000029381259800 JavaThread "redisson-netty-4-6" [_thread_in_native, id=31964, stack(0x000000f82ac00000,0x000000f82ad00000)]
  0x0000029381257000 JavaThread "redisson-netty-4-7" [_thread_in_native, id=31968, stack(0x000000f82ad00000,0x000000f82ae00000)]
  0x000002938125c000 JavaThread "redisson-netty-4-8" [_thread_in_native, id=31972, stack(0x000000f82ae00000,0x000000f82af00000)]
  0x000002938125a800 JavaThread "redisson-netty-4-9" [_thread_in_native, id=31976, stack(0x000000f82af00000,0x000000f82b000000)]
  0x000002938125d000 JavaThread "redisson-netty-4-10" [_thread_in_native, id=31980, stack(0x000000f82b000000,0x000000f82b100000)]
  0x000002938125d800 JavaThread "redisson-netty-4-11" [_thread_in_native, id=31988, stack(0x000000f82b100000,0x000000f82b200000)]
  0x000002938125b800 JavaThread "redisson-netty-4-12" [_thread_in_native, id=31992, stack(0x000000f82b200000,0x000000f82b300000)]
  0x0000029381261000 JavaThread "redisson-netty-4-13" [_thread_in_native, id=32000, stack(0x000000f82b300000,0x000000f82b400000)]
  0x000002938125e800 JavaThread "redisson-netty-4-17" [_thread_in_native, id=32008, stack(0x000000f82b500000,0x000000f82b600000)]
  0x0000029381260000 JavaThread "redisson-netty-4-21" [_thread_blocked, id=32012, stack(0x000000f82b600000,0x000000f82b700000)]
  0x000002938125f800 JavaThread "redisson-netty-4-22" [_thread_in_native, id=32016, stack(0x000000f82b700000,0x000000f82b800000)]
  0x0000029381262000 JavaThread "redisson-netty-4-20" [_thread_in_native, id=32020, stack(0x000000f82b800000,0x000000f82b900000)]
  0x0000029381264800 JavaThread "redisson-netty-4-14" [_thread_in_native, id=32024, stack(0x000000f82b900000,0x000000f82ba00000)]
  0x0000029381265000 JavaThread "redisson-netty-4-16" [_thread_in_native, id=32028, stack(0x000000f82ba00000,0x000000f82bb00000)]
  0x0000029381262800 JavaThread "redisson-netty-4-15" [_thread_in_native, id=32032, stack(0x000000f82bb00000,0x000000f82bc00000)]
  0x0000029381263800 JavaThread "redisson-netty-4-18" [_thread_in_native, id=32036, stack(0x000000f82bc00000,0x000000f82bd00000)]
  0x00000293812ee000 JavaThread "redisson-netty-4-19" [_thread_in_native, id=32040, stack(0x000000f82bd00000,0x000000f82be00000)]
  0x00000293812ec800 JavaThread "redisson-netty-4-23" [_thread_in_native, id=32044, stack(0x000000f82be00000,0x000000f82bf00000)]
  0x00000293812ed000 JavaThread "redisson-netty-4-24" [_thread_in_native, id=32048, stack(0x000000f82bf00000,0x000000f82c000000)]
  0x00000293812ee800 JavaThread "redisson-netty-4-25" [_thread_in_native, id=32052, stack(0x000000f82c000000,0x000000f82c100000)]
  0x00000293812f1000 JavaThread "redisson-netty-4-26" [_thread_in_native, id=32056, stack(0x000000f82c100000,0x000000f82c200000)]
  0x00000293812f0800 JavaThread "redisson-netty-4-27" [_thread_in_native, id=32060, stack(0x000000f82c200000,0x000000f82c300000)]
  0x00000293812f2000 JavaThread "redisson-netty-4-28" [_thread_in_native, id=32064, stack(0x000000f82c300000,0x000000f82c400000)]
  0x00000293812ef800 JavaThread "redisson-netty-4-29" [_thread_in_native, id=32068, stack(0x000000f82c400000,0x000000f82c500000)]
  0x00000293812f4800 JavaThread "redisson-netty-4-30" [_thread_in_native, id=32072, stack(0x000000f82c500000,0x000000f82c600000)]
  0x00000293812f5800 JavaThread "redisson-netty-4-31" [_thread_in_native, id=32076, stack(0x000000f82c600000,0x000000f82c700000)]
  0x00000293812f3800 JavaThread "redisson-netty-4-32" [_thread_in_native, id=32080, stack(0x000000f82c700000,0x000000f82c800000)]
  0x00000293812f3000 JavaThread "spring.cloud.inetutils" daemon [_thread_blocked, id=32448, stack(0x000000f82cd00000,0x000000f82ce00000)]
  0x00000293812f8800 JavaThread "logback-2" daemon [_thread_blocked, id=30576, stack(0x000000f82ce00000,0x000000f82cf00000)]
  0x00000293812f7800 JavaThread "nacos.publisher-com.alibaba.nacos.common.notify.SlowEvent" daemon [_thread_blocked, id=3500, stack(0x000000f82cf00000,0x000000f82d000000)]
  0x00000293812f7000 JavaThread "nacos.publisher-com.alibaba.nacos.client.naming.event.InstancesChangeEvent" daemon [_thread_blocked, id=32564, stack(0x000000f82d000000,0x000000f82d100000)]
  0x00000293812f6000 JavaThread "com.alibaba.nacos.naming.failover" daemon [_thread_blocked, id=32452, stack(0x000000f82d100000,0x000000f82d200000)]
  0x00000293812f9800 JavaThread "com.alibaba.nacos.client.naming.security" daemon [_thread_blocked, id=32604, stack(0x000000f82d200000,0x000000f82d300000)]
  0x00000293812fa000 JavaThread "com.alibaba.nacos.naming.push.receiver" daemon [_thread_in_native, id=32496, stack(0x000000f82d300000,0x000000f82d400000)]
  0x00000293812fb000 JavaThread "com.alibaba.nacos.client.naming.grpc.redo.0" daemon [_thread_blocked, id=32640, stack(0x000000f82d400000,0x000000f82d500000)]
  0x00000293817b0000 JavaThread "com.alibaba.nacos.client.remote.worker" daemon [_thread_blocked, id=32628, stack(0x000000f82d500000,0x000000f82d600000)]
  0x00000293817ae000 JavaThread "com.alibaba.nacos.client.remote.worker" daemon [_thread_blocked, id=32652, stack(0x000000f82d600000,0x000000f82d700000)]
  0x00000293817ad800 JavaThread "grpc-nio-worker-ELG-1-1" daemon [_thread_blocked, id=21988, stack(0x000000f82d700000,0x000000f82d800000)]
  0x00000293817b1800 JavaThread "grpc-nio-worker-ELG-1-2" daemon [_thread_in_native, id=32724, stack(0x000000f82d900000,0x000000f82da00000)]
  0x00000293fcb68000 JavaThread "com.alibaba.nacos.client.naming.updater.0" daemon [_thread_blocked, id=32776, stack(0x000000f82df00000,0x000000f82e000000)]
  0x00000293fcb69000 JavaThread "com.alibaba.nacos.client.identify.watcher.0" daemon [_thread_blocked, id=32784, stack(0x000000f82e000000,0x000000f82e100000)]
  0x00000293fcb6a000 JavaThread "Nacos-Watch-Task-Scheduler-1" [_thread_blocked, id=32816, stack(0x000000f82e300000,0x000000f82e400000)]
  0x00000293fcb6a800 JavaThread "http-nio-8082-exec-1" daemon [_thread_blocked, id=32820, stack(0x000000f82e400000,0x000000f82e500000)]
  0x00000293fcb6e800 JavaThread "http-nio-8082-exec-2" daemon [_thread_blocked, id=32824, stack(0x000000f82e500000,0x000000f82e600000)]
  0x00000293fcb6d000 JavaThread "http-nio-8082-exec-3" daemon [_thread_blocked, id=32828, stack(0x000000f82e600000,0x000000f82e700000)]
  0x00000293fcb6c000 JavaThread "http-nio-8082-exec-4" daemon [_thread_blocked, id=32832, stack(0x000000f82e700000,0x000000f82e800000)]
  0x00000293fcb6f800 JavaThread "http-nio-8082-exec-5" daemon [_thread_blocked, id=32836, stack(0x000000f82e800000,0x000000f82e900000)]
  0x00000293fcb70800 JavaThread "http-nio-8082-exec-6" daemon [_thread_blocked, id=32840, stack(0x000000f82e900000,0x000000f82ea00000)]
  0x00000293fcb6e000 JavaThread "http-nio-8082-exec-7" daemon [_thread_blocked, id=32844, stack(0x000000f82ea00000,0x000000f82eb00000)]
  0x00000293fcb71000 JavaThread "http-nio-8082-exec-8" daemon [_thread_blocked, id=32848, stack(0x000000f82eb00000,0x000000f82ec00000)]
  0x00000293fcb74800 JavaThread "http-nio-8082-exec-9" daemon [_thread_blocked, id=32852, stack(0x000000f82ec00000,0x000000f82ed00000)]
  0x00000293fcb72000 JavaThread "http-nio-8082-exec-10" daemon [_thread_blocked, id=32856, stack(0x000000f82ed00000,0x000000f82ee00000)]
  0x00000293fcb73000 JavaThread "http-nio-8082-Poller" daemon [_thread_blocked, id=32860, stack(0x000000f82ee00000,0x000000f82ef00000)]
  0x00000293fcb75000 JavaThread "http-nio-8082-Acceptor" daemon [_thread_in_native, id=32864, stack(0x000000f82ef00000,0x000000f82f000000)]
  0x00000293ff7d4800 JavaThread "com.alibaba.nacos.client.naming.updater.1" daemon [_thread_blocked, id=33024, stack(0x000000f82f600000,0x000000f82f700000)]
  0x00000293ff7d2000 JavaThread "DestroyJavaVM" [_thread_blocked, id=26836, stack(0x000000f828100000,0x000000f828200000)]
  0x00000293ff7d3000 JavaThread "logback-3" daemon [_thread_blocked, id=33288, stack(0x000000f82de00000,0x000000f82df00000)]
  0x00000293ff7d0800 JavaThread "HikariPool-1 housekeeper" daemon [_thread_blocked, id=23900, stack(0x000000f82e100000,0x000000f82e200000)]
  0x00000293ff7d3800 JavaThread "lettuce-nioEventLoop-7-1" daemon [_thread_in_native, id=7776, stack(0x000000f82f000000,0x000000f82f100000)]
  0x00000293ff7cf800 JavaThread "logback-4" daemon [_thread_blocked, id=33064, stack(0x000000f82db00000,0x000000f82dc00000)]
  0x00000293ff7d8800 JavaThread "lettuce-nioEventLoop-7-2" daemon [_thread_in_native, id=33256, stack(0x000000f82f200000,0x000000f82f300000)]
  0x00000293ff7d6000 JavaThread "logback-5" daemon [_thread_blocked, id=6708, stack(0x000000f827e00000,0x000000f827f00000)]
  0x00000293ff7db000 JavaThread "logback-6" daemon [_thread_blocked, id=34756, stack(0x000000f82e200000,0x000000f82e300000)]
  0x00000293ff7dd800 JavaThread "com.alibaba.nacos.client.naming.updater.2" daemon [_thread_blocked, id=34148, stack(0x000000f82f400000,0x000000f82f500000)]
  0x00000293ff7d1000 JavaThread "lettuce-nioEventLoop-7-3" daemon [_thread_in_native, id=17168, stack(0x000000f828000000,0x000000f828100000)]
  0x00000293ff7d7000 JavaThread "logback-7" daemon [_thread_blocked, id=34108, stack(0x000000f82da00000,0x000000f82db00000)]
  0x00000293ff7dc800 JavaThread "lettuce-eventExecutorLoop-1-1" daemon [_thread_blocked, id=33916, stack(0x000000f82f100000,0x000000f82f200000)]
  0x00000293ff7de000 JavaThread "logback-8" daemon [_thread_blocked, id=29336, stack(0x000000f82f800000,0x000000f82f900000)]
  0x00000293817b0800 JavaThread "lettuce-eventExecutorLoop-1-2" daemon [_thread_blocked, id=21568, stack(0x000000f829800000,0x000000f829900000)]
  0x00000293817b3000 JavaThread "lettuce-nioEventLoop-7-4" daemon [_thread_in_native, id=15380, stack(0x000000f82f500000,0x000000f82f600000)]
  0x00000293817b4000 JavaThread "logback-9" daemon [_thread_blocked, id=26376, stack(0x000000f82f300000,0x000000f82f400000)]
  0x00000293ff7d5000 JavaThread "logback-10" daemon [_thread_blocked, id=29304, stack(0x000000f82dc00000,0x000000f82dd00000)]
  0x00000293fcb66800 JavaThread "com.alibaba.nacos.client.naming.updater.3" daemon [_thread_blocked, id=20768, stack(0x000000f82fa00000,0x000000f82fb00000)]
  0x00000293fcb67800 JavaThread "lettuce-eventExecutorLoop-1-3" daemon [_thread_blocked, id=31120, stack(0x000000f82d800000,0x000000f82d900000)]
  0x00000293ff7d9800 JavaThread "logback-11" daemon [_thread_blocked, id=34340, stack(0x000000f82fb00000,0x000000f82fc00000)]
  0x00000293fcb73800 JavaThread "logback-12" daemon [_thread_blocked, id=10100, stack(0x000000f82fd00000,0x000000f82fe00000)]
  0x00000293817af000 JavaThread "lettuce-nioEventLoop-7-5" daemon [_thread_in_native, id=31176, stack(0x000000f82fe00000,0x000000f82ff00000)]
  0x00000293fcb6b800 JavaThread "lettuce-nioEventLoop-7-6" daemon [_thread_in_native, id=31172, stack(0x000000f82fc00000,0x000000f82fd00000)]
  0x00000293fd404000 JavaThread "lettuce-eventExecutorLoop-1-4" daemon [_thread_blocked, id=26684, stack(0x000000f82ff00000,0x000000f830000000)]
  0x00000293fd408000 JavaThread "logback-13" daemon [_thread_blocked, id=33812, stack(0x000000f82f900000,0x000000f82fa00000)]
  0x00000293fd404800 JavaThread "logback-14" daemon [_thread_blocked, id=26964, stack(0x000000f830000000,0x000000f830100000)]
  0x00000293fd409800 JavaThread "com.alibaba.nacos.client.naming.updater.4" daemon [_thread_blocked, id=29008, stack(0x000000f830200000,0x000000f830300000)]
  0x00000293fd406800 JavaThread "logback-15" daemon [_thread_blocked, id=6204, stack(0x000000f830300000,0x000000f830400000)]
  0x00000293fd40b000 JavaThread "logback-16" daemon [_thread_blocked, id=28668, stack(0x000000f830100000,0x000000f830200000)]
  0x00000293fd407000 JavaThread "lettuce-eventExecutorLoop-1-5" daemon [_thread_blocked, id=35000, stack(0x000000f830400000,0x000000f830500000)]
  0x00000293fd40d000 JavaThread "lettuce-eventExecutorLoop-1-6" daemon [_thread_blocked, id=35428, stack(0x000000f830500000,0x000000f830600000)]
  0x00000293fd40e800 JavaThread "com.alibaba.nacos.client.naming.updater.5" daemon [_thread_blocked, id=35052, stack(0x000000f830800000,0x000000f830900000)]
  0x00000293fd40c000 JavaThread "com.alibaba.nacos.client.naming.updater.6" daemon [_thread_blocked, id=33052, stack(0x000000f830b00000,0x000000f830c00000)]
  0x00000293fd40f800 JavaThread "com.alibaba.nacos.client.naming.updater.7" daemon [_thread_blocked, id=35452, stack(0x000000f830a00000,0x000000f830b00000)]
  0x00000293fd408800 JavaThread "lettuce-nioEventLoop-7-7" daemon [_thread_in_native, id=34388, stack(0x000000f82dd00000,0x000000f82de00000)]
  0x00000293fd40d800 JavaThread "redisson-timer-6-1" [_thread_blocked, id=16748, stack(0x000000f830700000,0x000000f830800000)]
  0x00000293fd411800 JavaThread "lettuce-eventExecutorLoop-1-7" daemon [_thread_blocked, id=35116, stack(0x000000f830d00000,0x000000f830e00000)]
  0x00000293fd412800 JavaThread "lettuce-nioEventLoop-7-8" daemon [_thread_in_native, id=34852, stack(0x000000f82f700000,0x000000f82f800000)]
  0x00000293fd411000 JavaThread "lettuce-eventExecutorLoop-1-8" daemon [_thread_blocked, id=29312, stack(0x000000f830c00000,0x000000f830d00000)]
  0x00000293ff7da000 JavaThread "lettuce-eventExecutorLoop-1-9" daemon [_thread_blocked, id=16308, stack(0x000000f830e00000,0x000000f830f00000)]
  0x00000293ff7d7800 JavaThread "lettuce-eventExecutorLoop-1-10" daemon [_thread_blocked, id=15200, stack(0x000000f830f00000,0x000000f831000000)]
  0x00000293ff7dc000 JavaThread "lettuce-eventExecutorLoop-1-11" daemon [_thread_blocked, id=544, stack(0x000000f831000000,0x000000f831100000)]
  0x0000029381e86000 JavaThread "lettuce-eventExecutorLoop-1-12" daemon [_thread_blocked, id=34504, stack(0x000000f831300000,0x000000f831400000)]
  0x0000029381e87000 JavaThread "lettuce-eventExecutorLoop-1-13" daemon [_thread_blocked, id=13112, stack(0x000000f831500000,0x000000f831600000)]
  0x0000029381e8a000 JavaThread "lettuce-eventExecutorLoop-1-14" daemon [_thread_blocked, id=10476, stack(0x000000f831600000,0x000000f831700000)]
  0x0000029381e85000 JavaThread "lettuce-eventExecutorLoop-1-15" daemon [_thread_blocked, id=41420, stack(0x000000f829a00000,0x000000f829b00000)]
  0x0000029381e8b000 JavaThread "lettuce-eventExecutorLoop-1-16" daemon [_thread_blocked, id=6504, stack(0x000000f82b400000,0x000000f82b500000)]
  0x0000029381e89800 JavaThread "nacos-grpc-client-executor-3364" daemon [_thread_blocked, id=35148, stack(0x000000f827f00000,0x000000f828000000)]
  0x0000029381e87800 JavaThread "nacos-grpc-client-executor-3365" daemon [_thread_blocked, id=29816, stack(0x000000f830600000,0x000000f830700000)]

Other Threads:
=>0x00000293fc11b000 VMThread "VM Thread" [stack: 0x000000f828700000,0x000000f828800000] [id=27108] _threads_hazard_ptr=0x00000293fc9207e0
  0x00000293fca1f000 WatcherThread [stack: 0x000000f829200000,0x000000f829300000] [id=26760]
  0x00000293d719c000 GCTaskThread "GC Thread#0" [stack: 0x000000f828200000,0x000000f828300000] [id=29956]
  0x00000293fd02b800 GCTaskThread "GC Thread#1" [stack: 0x000000f829300000,0x000000f829400000] [id=29248]
  0x00000293fca51800 GCTaskThread "GC Thread#2" [stack: 0x000000f829400000,0x000000f829500000] [id=13172]
  0x00000293fcfec800 GCTaskThread "GC Thread#3" [stack: 0x000000f829500000,0x000000f829600000] [id=27492]
  0x00000293fcfed000 GCTaskThread "GC Thread#4" [stack: 0x000000f829600000,0x000000f829700000] [id=25568]
  0x00000293fd030000 GCTaskThread "GC Thread#5" [stack: 0x000000f829700000,0x000000f829800000] [id=7432]
  0x00000293fc2bc800 GCTaskThread "GC Thread#6" [stack: 0x000000f82a300000,0x000000f82a400000] [id=19784]
  0x00000293ff4b1000 GCTaskThread "GC Thread#7" [stack: 0x000000f82a400000,0x000000f82a500000] [id=22328]
  0x00000293813fc000 GCTaskThread "GC Thread#8" [stack: 0x000000f82c800000,0x000000f82c900000] [id=32152]
  0x000002938155d800 GCTaskThread "GC Thread#9" [stack: 0x000000f82c900000,0x000000f82ca00000] [id=32156]
  0x00000293813ff800 GCTaskThread "GC Thread#10" [stack: 0x000000f82ca00000,0x000000f82cb00000] [id=32160]
  0x0000029381580000 GCTaskThread "GC Thread#11" [stack: 0x000000f82cb00000,0x000000f82cc00000] [id=32164]
  0x0000029381598800 GCTaskThread "GC Thread#12" [stack: 0x000000f82cc00000,0x000000f82cd00000] [id=32168]
  0x00000293d71fa000 ConcurrentGCThread "G1 Main Marker" [stack: 0x000000f828300000,0x000000f828400000] [id=30928]
  0x00000293d71fd000 ConcurrentGCThread "G1 Conc#0" [stack: 0x000000f828400000,0x000000f828500000] [id=31004]
  0x00000293fde5f000 ConcurrentGCThread "G1 Conc#1" [stack: 0x000000f829d00000,0x000000f829e00000] [id=31272]
  0x00000293fde63000 ConcurrentGCThread "G1 Conc#2" [stack: 0x000000f829f00000,0x000000f82a000000] [id=23276]
  0x00000293d7201000 ConcurrentGCThread "G1 Refine#0" [stack: 0x000000f828500000,0x000000f828600000] [id=29436]
  0x0000029381f42800 ConcurrentGCThread "G1 Refine#1" [stack: 0x000000f829b00000,0x000000f829c00000] [id=28404]
  0x00000293fae1f800 ConcurrentGCThread "G1 Young RemSet Sampling" [stack: 0x000000f828600000,0x000000f828700000] [id=30160]

Threads with active compile tasks:

VM state:at safepoint (normal execution)

VM Mutex/Monitor currently owned by a thread:  ([mutex/lock_event])
[0x00000293d717f420] Threads_lock - owner thread: 0x00000293fc11b000

Heap address: 0x0000000704400000, size: 4028 MB, Compressed Oops mode: Zero based, Oop shift amount: 3
Narrow klass base: 0x0000000800000000, Narrow klass shift: 3
Compressed class space size: 1073741824 Address: 0x0000000840000000

Heap:
 garbage-first heap   total 310272K, used 154078K [0x0000000704400000, 0x0000000800000000)
  region size 1024K, 109 young (111616K), 12 survivors (12288K)
 Metaspace       used 78340K, capacity 80900K, committed 81108K, reserved 1120256K
  class space    used 9731K, capacity 10743K, committed 10824K, reserved 1048576K
Heap Regions: E=young(eden), S=young(survivor), O=old, HS=humongous(starts), HC=humongous(continues), CS=collection set, F=free, A=archive, TAMS=top-at-mark-start (previous, next)
|   0|0x0000000704400000, 0x0000000704500000, 0x0000000704500000|100%| O|  |TAMS 0x0000000704500000, 0x0000000704400000| Untracked 
|   1|0x0000000704500000, 0x0000000704600000, 0x0000000704600000|100%|HS|  |TAMS 0x0000000704600000, 0x0000000704500000| Complete 
|   2|0x0000000704600000, 0x0000000704700000, 0x0000000704700000|100%| O|  |TAMS 0x0000000704700000, 0x0000000704600000| Untracked 
|   3|0x0000000704700000, 0x0000000704800000, 0x0000000704800000|100%| O|  |TAMS 0x0000000704800000, 0x0000000704700000| Untracked 
|   4|0x0000000704800000, 0x0000000704900000, 0x0000000704900000|100%| O|  |TAMS 0x0000000704900000, 0x0000000704800000| Untracked 
|   5|0x0000000704900000, 0x0000000704a00000, 0x0000000704a00000|100%| O|  |TAMS 0x0000000704a00000, 0x0000000704900000| Untracked 
|   6|0x0000000704a00000, 0x0000000704b00000, 0x0000000704b00000|100%| O|  |TAMS 0x0000000704b00000, 0x0000000704a00000| Untracked 
|   7|0x0000000704b00000, 0x0000000704c00000, 0x0000000704c00000|100%| O|  |TAMS 0x0000000704c00000, 0x0000000704b00000| Untracked 
|   8|0x0000000704c00000, 0x0000000704d00000, 0x0000000704d00000|100%| O|  |TAMS 0x0000000704d00000, 0x0000000704c00000| Untracked 
|   9|0x0000000704d00000, 0x0000000704e00000, 0x0000000704e00000|100%| O|  |TAMS 0x0000000704e00000, 0x0000000704d00000| Untracked 
|  10|0x0000000704e00000, 0x0000000704f00000, 0x0000000704f00000|100%| O|  |TAMS 0x0000000704f00000, 0x0000000704e00000| Untracked 
|  11|0x0000000704f00000, 0x0000000705000000, 0x0000000705000000|100%| O|  |TAMS 0x0000000705000000, 0x0000000704f00000| Untracked 
|  12|0x0000000705000000, 0x0000000705100000, 0x0000000705100000|100%| O|  |TAMS 0x0000000705100000, 0x0000000705000000| Untracked 
|  13|0x0000000705100000, 0x0000000705200000, 0x0000000705200000|100%| O|  |TAMS 0x0000000705200000, 0x0000000705100000| Untracked 
|  14|0x0000000705200000, 0x0000000705300000, 0x0000000705300000|100%| O|  |TAMS 0x0000000705300000, 0x0000000705200000| Untracked 
|  15|0x0000000705300000, 0x0000000705400000, 0x0000000705400000|100%| O|  |TAMS 0x0000000705400000, 0x0000000705300000| Untracked 
|  16|0x0000000705400000, 0x0000000705500000, 0x0000000705500000|100%| O|  |TAMS 0x0000000705500000, 0x0000000705400000| Untracked 
|  17|0x0000000705500000, 0x0000000705600000, 0x0000000705600000|100%| O|  |TAMS 0x0000000705600000, 0x0000000705500000| Untracked 
|  18|0x0000000705600000, 0x0000000705700000, 0x0000000705700000|100%| O|  |TAMS 0x0000000705700000, 0x0000000705600000| Untracked 
|  19|0x0000000705700000, 0x0000000705800000, 0x0000000705800000|100%| O|  |TAMS 0x0000000705800000, 0x0000000705700000| Untracked 
|  20|0x0000000705800000, 0x0000000705900000, 0x0000000705900000|100%| O|  |TAMS 0x0000000705900000, 0x0000000705800000| Untracked 
|  21|0x0000000705900000, 0x0000000705a00000, 0x0000000705a00000|100%| O|  |TAMS 0x0000000705a00000, 0x0000000705900000| Untracked 
|  22|0x0000000705a00000, 0x0000000705b00000, 0x0000000705b00000|100%| O|  |TAMS 0x0000000705b00000, 0x0000000705a00000| Untracked 
|  23|0x0000000705b00000, 0x0000000705c00000, 0x0000000705c00000|100%| O|  |TAMS 0x0000000705c00000, 0x0000000705b00000| Untracked 
|  24|0x0000000705c00000, 0x0000000705d00000, 0x0000000705d00000|100%| O|  |TAMS 0x0000000705d00000, 0x0000000705c00000| Untracked 
|  25|0x0000000705d00000, 0x0000000705e00000, 0x0000000705e00000|100%| O|  |TAMS 0x0000000705e00000, 0x0000000705d00000| Untracked 
|  26|0x0000000705e00000, 0x0000000705f00000, 0x0000000705f00000|100%| O|  |TAMS 0x0000000705f00000, 0x0000000705e00000| Untracked 
|  27|0x0000000705f00000, 0x0000000706000000, 0x0000000706000000|100%| O|  |TAMS 0x0000000706000000, 0x0000000705f00000| Untracked 
|  28|0x0000000706000000, 0x0000000706100000, 0x0000000706100000|100%| O|  |TAMS 0x000000070603c600, 0x0000000706000000| Untracked 
|  29|0x0000000706100000, 0x0000000706200000, 0x0000000706200000|100%| O|  |TAMS 0x0000000706100000, 0x0000000706100000| Untracked 
|  30|0x0000000706200000, 0x0000000706300000, 0x0000000706300000|100%| O|  |TAMS 0x0000000706200000, 0x0000000706200000| Untracked 
|  31|0x0000000706300000, 0x0000000706400000, 0x0000000706400000|100%| O|  |TAMS 0x0000000706300000, 0x0000000706300000| Untracked 
|  32|0x0000000706400000, 0x0000000706500000, 0x0000000706500000|100%| O|  |TAMS 0x0000000706400000, 0x0000000706400000| Untracked 
|  33|0x0000000706500000, 0x0000000706600000, 0x0000000706600000|100%| O|  |TAMS 0x0000000706500000, 0x0000000706500000| Untracked 
|  34|0x0000000706600000, 0x0000000706700000, 0x0000000706700000|100%| O|  |TAMS 0x0000000706600000, 0x0000000706600000| Untracked 
|  35|0x0000000706700000, 0x0000000706800000, 0x0000000706800000|100%| O|  |TAMS 0x0000000706700000, 0x0000000706700000| Untracked 
|  36|0x0000000706800000, 0x0000000706900000, 0x0000000706900000|100%| O|  |TAMS 0x0000000706800000, 0x0000000706800000| Untracked 
|  37|0x0000000706900000, 0x0000000706a00000, 0x0000000706a00000|100%| O|  |TAMS 0x0000000706900000, 0x0000000706900000| Untracked 
|  38|0x0000000706a00000, 0x0000000706b00000, 0x0000000706b00000|100%| O|  |TAMS 0x0000000706a00000, 0x0000000706a00000| Untracked 
|  39|0x0000000706b00000, 0x0000000706c00000, 0x0000000706c00000|100%| O|  |TAMS 0x0000000706b00000, 0x0000000706b00000| Untracked 
|  40|0x0000000706c00000, 0x0000000706d00000, 0x0000000706d00000|100%| O|  |TAMS 0x0000000706c00000, 0x0000000706c00000| Untracked 
|  41|0x0000000706d00000, 0x0000000706e00000, 0x0000000706e00000|100%| O|  |TAMS 0x0000000706d00000, 0x0000000706d00000| Untracked 
|  42|0x0000000706e00000, 0x0000000706e77800, 0x0000000706f00000| 46%| O|  |TAMS 0x0000000706e00000, 0x0000000706e00000| Untracked 
|  43|0x0000000706f00000, 0x0000000706f00000, 0x0000000707000000|  0%| F|  |TAMS 0x0000000706f00000, 0x0000000706f00000| Untracked 
|  44|0x0000000707000000, 0x0000000707000000, 0x0000000707100000|  0%| F|  |TAMS 0x0000000707000000, 0x0000000707000000| Untracked 
|  45|0x0000000707100000, 0x0000000707100000, 0x0000000707200000|  0%| F|  |TAMS 0x0000000707100000, 0x0000000707100000| Untracked 
|  46|0x0000000707200000, 0x0000000707200000, 0x0000000707300000|  0%| F|  |TAMS 0x0000000707200000, 0x0000000707200000| Untracked 
|  47|0x0000000707300000, 0x0000000707300000, 0x0000000707400000|  0%| F|  |TAMS 0x0000000707300000, 0x0000000707300000| Untracked 
|  48|0x0000000707400000, 0x0000000707400000, 0x0000000707500000|  0%| F|  |TAMS 0x0000000707400000, 0x0000000707400000| Untracked 
|  49|0x0000000707500000, 0x0000000707500000, 0x0000000707600000|  0%| F|  |TAMS 0x0000000707500000, 0x0000000707500000| Untracked 
|  50|0x0000000707600000, 0x0000000707600000, 0x0000000707700000|  0%| F|  |TAMS 0x0000000707600000, 0x0000000707600000| Untracked 
|  51|0x0000000707700000, 0x0000000707700000, 0x0000000707800000|  0%| F|  |TAMS 0x0000000707700000, 0x0000000707700000| Untracked 
|  52|0x0000000707800000, 0x0000000707800000, 0x0000000707900000|  0%| F|  |TAMS 0x0000000707800000, 0x0000000707800000| Untracked 
|  53|0x0000000707900000, 0x0000000707900000, 0x0000000707a00000|  0%| F|  |TAMS 0x0000000707900000, 0x0000000707900000| Untracked 
|  54|0x0000000707a00000, 0x0000000707a00000, 0x0000000707b00000|  0%| F|  |TAMS 0x0000000707a00000, 0x0000000707a00000| Untracked 
|  55|0x0000000707b00000, 0x0000000707b00000, 0x0000000707c00000|  0%| F|  |TAMS 0x0000000707b00000, 0x0000000707b00000| Untracked 
|  56|0x0000000707c00000, 0x0000000707c00000, 0x0000000707d00000|  0%| F|  |TAMS 0x0000000707c00000, 0x0000000707c00000| Untracked 
|  57|0x0000000707d00000, 0x0000000707d00000, 0x0000000707e00000|  0%| F|  |TAMS 0x0000000707d00000, 0x0000000707d00000| Untracked 
|  58|0x0000000707e00000, 0x0000000707e00000, 0x0000000707f00000|  0%| F|  |TAMS 0x0000000707e00000, 0x0000000707e00000| Untracked 
|  59|0x0000000707f00000, 0x0000000707f00000, 0x0000000708000000|  0%| F|  |TAMS 0x0000000707f00000, 0x0000000707f00000| Untracked 
|  60|0x0000000708000000, 0x0000000708000000, 0x0000000708100000|  0%| F|  |TAMS 0x0000000708000000, 0x0000000708000000| Untracked 
|  61|0x0000000708100000, 0x0000000708100000, 0x0000000708200000|  0%| F|  |TAMS 0x0000000708100000, 0x0000000708100000| Untracked 
|  62|0x0000000708200000, 0x0000000708200000, 0x0000000708300000|  0%| F|  |TAMS 0x0000000708200000, 0x0000000708200000| Untracked 
|  63|0x0000000708300000, 0x0000000708300000, 0x0000000708400000|  0%| F|  |TAMS 0x0000000708300000, 0x0000000708300000| Untracked 
|  64|0x0000000708400000, 0x0000000708400000, 0x0000000708500000|  0%| F|  |TAMS 0x0000000708400000, 0x0000000708400000| Untracked 
|  65|0x0000000708500000, 0x0000000708500000, 0x0000000708600000|  0%| F|  |TAMS 0x0000000708500000, 0x0000000708500000| Untracked 
|  66|0x0000000708600000, 0x0000000708600000, 0x0000000708700000|  0%| F|  |TAMS 0x0000000708600000, 0x0000000708600000| Untracked 
|  67|0x0000000708700000, 0x0000000708700000, 0x0000000708800000|  0%| F|  |TAMS 0x0000000708700000, 0x0000000708700000| Untracked 
|  68|0x0000000708800000, 0x0000000708800000, 0x0000000708900000|  0%| F|  |TAMS 0x0000000708800000, 0x0000000708800000| Untracked 
|  69|0x0000000708900000, 0x0000000708900000, 0x0000000708a00000|  0%| F|  |TAMS 0x0000000708900000, 0x0000000708900000| Untracked 
|  70|0x0000000708a00000, 0x0000000708a00000, 0x0000000708b00000|  0%| F|  |TAMS 0x0000000708a00000, 0x0000000708a00000| Untracked 
|  71|0x0000000708b00000, 0x0000000708b00000, 0x0000000708c00000|  0%| F|  |TAMS 0x0000000708b00000, 0x0000000708b00000| Untracked 
|  72|0x0000000708c00000, 0x0000000708c00000, 0x0000000708d00000|  0%| F|  |TAMS 0x0000000708c00000, 0x0000000708c00000| Untracked 
|  73|0x0000000708d00000, 0x0000000708d00000, 0x0000000708e00000|  0%| F|  |TAMS 0x0000000708d00000, 0x0000000708d00000| Untracked 
|  74|0x0000000708e00000, 0x0000000708e00000, 0x0000000708f00000|  0%| F|  |TAMS 0x0000000708e00000, 0x0000000708e00000| Untracked 
|  75|0x0000000708f00000, 0x0000000708f00000, 0x0000000709000000|  0%| F|  |TAMS 0x0000000708f00000, 0x0000000708f00000| Untracked 
|  76|0x0000000709000000, 0x0000000709000000, 0x0000000709100000|  0%| F|  |TAMS 0x0000000709000000, 0x0000000709000000| Untracked 
|  77|0x0000000709100000, 0x0000000709100000, 0x0000000709200000|  0%| F|  |TAMS 0x0000000709100000, 0x0000000709100000| Untracked 
|  78|0x0000000709200000, 0x0000000709200000, 0x0000000709300000|  0%| F|  |TAMS 0x0000000709200000, 0x0000000709200000| Untracked 
|  79|0x0000000709300000, 0x0000000709300000, 0x0000000709400000|  0%| F|  |TAMS 0x0000000709300000, 0x0000000709300000| Untracked 
|  80|0x0000000709400000, 0x0000000709400000, 0x0000000709500000|  0%| F|  |TAMS 0x0000000709400000, 0x0000000709400000| Untracked 
|  81|0x0000000709500000, 0x0000000709500000, 0x0000000709600000|  0%| F|  |TAMS 0x0000000709500000, 0x0000000709500000| Untracked 
|  82|0x0000000709600000, 0x0000000709600000, 0x0000000709700000|  0%| F|  |TAMS 0x0000000709600000, 0x0000000709600000| Untracked 
|  83|0x0000000709700000, 0x0000000709700000, 0x0000000709800000|  0%| F|  |TAMS 0x0000000709700000, 0x0000000709700000| Untracked 
|  84|0x0000000709800000, 0x0000000709800000, 0x0000000709900000|  0%| F|  |TAMS 0x0000000709800000, 0x0000000709800000| Untracked 
|  85|0x0000000709900000, 0x0000000709900000, 0x0000000709a00000|  0%| F|  |TAMS 0x0000000709900000, 0x0000000709900000| Untracked 
|  86|0x0000000709a00000, 0x0000000709a00000, 0x0000000709b00000|  0%| F|  |TAMS 0x0000000709a00000, 0x0000000709a00000| Untracked 
|  87|0x0000000709b00000, 0x0000000709b00000, 0x0000000709c00000|  0%| F|  |TAMS 0x0000000709b00000, 0x0000000709b00000| Untracked 
|  88|0x0000000709c00000, 0x0000000709c00000, 0x0000000709d00000|  0%| F|  |TAMS 0x0000000709c00000, 0x0000000709c00000| Untracked 
|  89|0x0000000709d00000, 0x0000000709d00000, 0x0000000709e00000|  0%| F|  |TAMS 0x0000000709d00000, 0x0000000709d00000| Untracked 
|  90|0x0000000709e00000, 0x0000000709e00000, 0x0000000709f00000|  0%| F|  |TAMS 0x0000000709e00000, 0x0000000709e00000| Untracked 
|  91|0x0000000709f00000, 0x0000000709f00000, 0x000000070a000000|  0%| F|  |TAMS 0x0000000709f00000, 0x0000000709f00000| Untracked 
|  92|0x000000070a000000, 0x000000070a000000, 0x000000070a100000|  0%| F|  |TAMS 0x000000070a000000, 0x000000070a000000| Untracked 
|  93|0x000000070a100000, 0x000000070a100000, 0x000000070a200000|  0%| F|  |TAMS 0x000000070a100000, 0x000000070a100000| Untracked 
|  94|0x000000070a200000, 0x000000070a200000, 0x000000070a300000|  0%| F|  |TAMS 0x000000070a200000, 0x000000070a200000| Untracked 
|  95|0x000000070a300000, 0x000000070a300000, 0x000000070a400000|  0%| F|  |TAMS 0x000000070a300000, 0x000000070a300000| Untracked 
|  96|0x000000070a400000, 0x000000070a400000, 0x000000070a500000|  0%| F|  |TAMS 0x000000070a400000, 0x000000070a400000| Untracked 
|  97|0x000000070a500000, 0x000000070a500000, 0x000000070a600000|  0%| F|  |TAMS 0x000000070a500000, 0x000000070a500000| Untracked 
|  98|0x000000070a600000, 0x000000070a600000, 0x000000070a700000|  0%| F|  |TAMS 0x000000070a600000, 0x000000070a600000| Untracked 
|  99|0x000000070a700000, 0x000000070a700000, 0x000000070a800000|  0%| F|  |TAMS 0x000000070a700000, 0x000000070a700000| Untracked 
| 100|0x000000070a800000, 0x000000070a800000, 0x000000070a900000|  0%| F|  |TAMS 0x000000070a800000, 0x000000070a800000| Untracked 
| 101|0x000000070a900000, 0x000000070a900000, 0x000000070aa00000|  0%| F|  |TAMS 0x000000070a900000, 0x000000070a900000| Untracked 
| 102|0x000000070aa00000, 0x000000070aa00000, 0x000000070ab00000|  0%| F|  |TAMS 0x000000070aa00000, 0x000000070aa00000| Untracked 
| 103|0x000000070ab00000, 0x000000070ab00000, 0x000000070ac00000|  0%| F|  |TAMS 0x000000070ab00000, 0x000000070ab00000| Untracked 
| 104|0x000000070ac00000, 0x000000070ac00000, 0x000000070ad00000|  0%| F|  |TAMS 0x000000070ac00000, 0x000000070ac00000| Untracked 
| 105|0x000000070ad00000, 0x000000070ad00000, 0x000000070ae00000|  0%| F|  |TAMS 0x000000070ad00000, 0x000000070ad00000| Untracked 
| 106|0x000000070ae00000, 0x000000070ae00000, 0x000000070af00000|  0%| F|  |TAMS 0x000000070ae00000, 0x000000070ae00000| Untracked 
| 107|0x000000070af00000, 0x000000070af00000, 0x000000070b000000|  0%| F|  |TAMS 0x000000070af00000, 0x000000070af00000| Untracked 
| 108|0x000000070b000000, 0x000000070b000000, 0x000000070b100000|  0%| F|  |TAMS 0x000000070b000000, 0x000000070b000000| Untracked 
| 109|0x000000070b100000, 0x000000070b100000, 0x000000070b200000|  0%| F|  |TAMS 0x000000070b100000, 0x000000070b100000| Untracked 
| 110|0x000000070b200000, 0x000000070b300000, 0x000000070b300000|100%| S|CS|TAMS 0x000000070b200000, 0x000000070b200000| Complete 
| 111|0x000000070b300000, 0x000000070b400000, 0x000000070b400000|100%| S|CS|TAMS 0x000000070b300000, 0x000000070b300000| Complete 
| 112|0x000000070b400000, 0x000000070b500000, 0x000000070b500000|100%| S|CS|TAMS 0x000000070b400000, 0x000000070b400000| Complete 
| 113|0x000000070b500000, 0x000000070b600000, 0x000000070b600000|100%| S|CS|TAMS 0x000000070b500000, 0x000000070b500000| Complete 
| 114|0x000000070b600000, 0x000000070b700000, 0x000000070b700000|100%| S|CS|TAMS 0x000000070b600000, 0x000000070b600000| Complete 
| 115|0x000000070b700000, 0x000000070b700000, 0x000000070b800000|  0%| F|  |TAMS 0x000000070b700000, 0x000000070b700000| Untracked 
| 116|0x000000070b800000, 0x000000070b800000, 0x000000070b900000|  0%| F|  |TAMS 0x000000070b800000, 0x000000070b800000| Untracked 
| 117|0x000000070b900000, 0x000000070b900000, 0x000000070ba00000|  0%| F|  |TAMS 0x000000070b900000, 0x000000070b900000| Untracked 
| 118|0x000000070ba00000, 0x000000070ba00000, 0x000000070bb00000|  0%| F|  |TAMS 0x000000070ba00000, 0x000000070ba00000| Untracked 
| 119|0x000000070bb00000, 0x000000070bb00000, 0x000000070bc00000|  0%| F|  |TAMS 0x000000070bb00000, 0x000000070bb00000| Untracked 
| 120|0x000000070bc00000, 0x000000070bc00000, 0x000000070bd00000|  0%| F|  |TAMS 0x000000070bc00000, 0x000000070bc00000| Untracked 
| 121|0x000000070bd00000, 0x000000070bd00000, 0x000000070be00000|  0%| F|  |TAMS 0x000000070bd00000, 0x000000070bd00000| Untracked 
| 122|0x000000070be00000, 0x000000070bf00000, 0x000000070bf00000|100%| S|CS|TAMS 0x000000070be00000, 0x000000070be00000| Complete 
| 123|0x000000070bf00000, 0x000000070c000000, 0x000000070c000000|100%| S|CS|TAMS 0x000000070bf00000, 0x000000070bf00000| Complete 
| 124|0x000000070c000000, 0x000000070c100000, 0x000000070c100000|100%| S|CS|TAMS 0x000000070c000000, 0x000000070c000000| Complete 
| 125|0x000000070c100000, 0x000000070c200000, 0x000000070c200000|100%| S|CS|TAMS 0x000000070c100000, 0x000000070c100000| Complete 
| 126|0x000000070c200000, 0x000000070c300000, 0x000000070c300000|100%| S|CS|TAMS 0x000000070c200000, 0x000000070c200000| Complete 
| 127|0x000000070c300000, 0x000000070c400000, 0x000000070c400000|100%| S|CS|TAMS 0x000000070c300000, 0x000000070c300000| Complete 
| 128|0x000000070c400000, 0x000000070c500000, 0x000000070c500000|100%| S|CS|TAMS 0x000000070c400000, 0x000000070c400000| Complete 
| 129|0x000000070c500000, 0x000000070c500000, 0x000000070c600000|  0%| F|  |TAMS 0x000000070c500000, 0x000000070c500000| Untracked 
| 130|0x000000070c600000, 0x000000070c600000, 0x000000070c700000|  0%| F|  |TAMS 0x000000070c600000, 0x000000070c600000| Untracked 
| 131|0x000000070c700000, 0x000000070c700000, 0x000000070c800000|  0%| F|  |TAMS 0x000000070c700000, 0x000000070c700000| Untracked 
| 132|0x000000070c800000, 0x000000070c800000, 0x000000070c900000|  0%| F|  |TAMS 0x000000070c800000, 0x000000070c800000| Untracked 
| 133|0x000000070c900000, 0x000000070c900000, 0x000000070ca00000|  0%| F|  |TAMS 0x000000070c900000, 0x000000070c900000| Untracked 
| 134|0x000000070ca00000, 0x000000070ca00000, 0x000000070cb00000|  0%| F|  |TAMS 0x000000070ca00000, 0x000000070ca00000| Untracked 
| 135|0x000000070cb00000, 0x000000070cb00000, 0x000000070cc00000|  0%| F|  |TAMS 0x000000070cb00000, 0x000000070cb00000| Untracked 
| 136|0x000000070cc00000, 0x000000070cc00000, 0x000000070cd00000|  0%| F|  |TAMS 0x000000070cc00000, 0x000000070cc00000| Untracked 
| 137|0x000000070cd00000, 0x000000070cd00000, 0x000000070ce00000|  0%| F|  |TAMS 0x000000070cd00000, 0x000000070cd00000| Untracked 
| 138|0x000000070ce00000, 0x000000070ce00000, 0x000000070cf00000|  0%| F|  |TAMS 0x000000070ce00000, 0x000000070ce00000| Untracked 
| 139|0x000000070cf00000, 0x000000070cf00000, 0x000000070d000000|  0%| F|  |TAMS 0x000000070cf00000, 0x000000070cf00000| Untracked 
| 140|0x000000070d000000, 0x000000070d000000, 0x000000070d100000|  0%| F|  |TAMS 0x000000070d000000, 0x000000070d000000| Untracked 
| 141|0x000000070d100000, 0x000000070d100000, 0x000000070d200000|  0%| F|  |TAMS 0x000000070d100000, 0x000000070d100000| Untracked 
| 142|0x000000070d200000, 0x000000070d200000, 0x000000070d300000|  0%| F|  |TAMS 0x000000070d200000, 0x000000070d200000| Untracked 
| 143|0x000000070d300000, 0x000000070d300000, 0x000000070d400000|  0%| F|  |TAMS 0x000000070d300000, 0x000000070d300000| Untracked 
| 144|0x000000070d400000, 0x000000070d400000, 0x000000070d500000|  0%| F|  |TAMS 0x000000070d400000, 0x000000070d400000| Untracked 
| 145|0x000000070d500000, 0x000000070d500000, 0x000000070d600000|  0%| F|  |TAMS 0x000000070d500000, 0x000000070d500000| Untracked 
| 146|0x000000070d600000, 0x000000070d600000, 0x000000070d700000|  0%| F|  |TAMS 0x000000070d600000, 0x000000070d600000| Untracked 
| 147|0x000000070d700000, 0x000000070d700000, 0x000000070d800000|  0%| F|  |TAMS 0x000000070d700000, 0x000000070d700000| Untracked 
| 148|0x000000070d800000, 0x000000070d800000, 0x000000070d900000|  0%| F|  |TAMS 0x000000070d800000, 0x000000070d800000| Untracked 
| 149|0x000000070d900000, 0x000000070d900000, 0x000000070da00000|  0%| F|  |TAMS 0x000000070d900000, 0x000000070d900000| Untracked 
| 150|0x000000070da00000, 0x000000070da00000, 0x000000070db00000|  0%| F|  |TAMS 0x000000070da00000, 0x000000070da00000| Untracked 
| 151|0x000000070db00000, 0x000000070db00000, 0x000000070dc00000|  0%| F|  |TAMS 0x000000070db00000, 0x000000070db00000| Untracked 
| 152|0x000000070dc00000, 0x000000070dc00000, 0x000000070dd00000|  0%| F|  |TAMS 0x000000070dc00000, 0x000000070dc00000| Untracked 
| 153|0x000000070dd00000, 0x000000070dd00000, 0x000000070de00000|  0%| F|  |TAMS 0x000000070dd00000, 0x000000070dd00000| Untracked 
| 154|0x000000070de00000, 0x000000070de00000, 0x000000070df00000|  0%| F|  |TAMS 0x000000070de00000, 0x000000070de00000| Untracked 
| 155|0x000000070df00000, 0x000000070df00000, 0x000000070e000000|  0%| F|  |TAMS 0x000000070df00000, 0x000000070df00000| Untracked 
| 156|0x000000070e000000, 0x000000070e000000, 0x000000070e100000|  0%| F|  |TAMS 0x000000070e000000, 0x000000070e000000| Untracked 
| 157|0x000000070e100000, 0x000000070e100000, 0x000000070e200000|  0%| F|  |TAMS 0x000000070e100000, 0x000000070e100000| Untracked 
| 158|0x000000070e200000, 0x000000070e200000, 0x000000070e300000|  0%| F|  |TAMS 0x000000070e200000, 0x000000070e200000| Untracked 
| 159|0x000000070e300000, 0x000000070e300000, 0x000000070e400000|  0%| F|  |TAMS 0x000000070e300000, 0x000000070e300000| Untracked 
| 160|0x000000070e400000, 0x000000070e400000, 0x000000070e500000|  0%| F|  |TAMS 0x000000070e400000, 0x000000070e400000| Untracked 
| 161|0x000000070e500000, 0x000000070e500000, 0x000000070e600000|  0%| F|  |TAMS 0x000000070e500000, 0x000000070e500000| Untracked 
| 162|0x000000070e600000, 0x000000070e600000, 0x000000070e700000|  0%| F|  |TAMS 0x000000070e600000, 0x000000070e600000| Untracked 
| 163|0x000000070e700000, 0x000000070e700000, 0x000000070e800000|  0%| F|  |TAMS 0x000000070e700000, 0x000000070e700000| Untracked 
| 164|0x000000070e800000, 0x000000070e800000, 0x000000070e900000|  0%| F|  |TAMS 0x000000070e800000, 0x000000070e800000| Untracked 
| 165|0x000000070e900000, 0x000000070e900000, 0x000000070ea00000|  0%| F|  |TAMS 0x000000070e900000, 0x000000070e900000| Untracked 
| 166|0x000000070ea00000, 0x000000070ea00000, 0x000000070eb00000|  0%| F|  |TAMS 0x000000070ea00000, 0x000000070ea00000| Untracked 
| 167|0x000000070eb00000, 0x000000070eb00000, 0x000000070ec00000|  0%| F|  |TAMS 0x000000070eb00000, 0x000000070eb00000| Untracked 
| 168|0x000000070ec00000, 0x000000070ec00000, 0x000000070ed00000|  0%| F|  |TAMS 0x000000070ec00000, 0x000000070ec00000| Untracked 
| 169|0x000000070ed00000, 0x000000070ed00000, 0x000000070ee00000|  0%| F|  |TAMS 0x000000070ed00000, 0x000000070ed00000| Untracked 
| 170|0x000000070ee00000, 0x000000070ee00000, 0x000000070ef00000|  0%| F|  |TAMS 0x000000070ee00000, 0x000000070ee00000| Untracked 
| 171|0x000000070ef00000, 0x000000070ef00000, 0x000000070f000000|  0%| F|  |TAMS 0x000000070ef00000, 0x000000070ef00000| Untracked 
| 172|0x000000070f000000, 0x000000070f000000, 0x000000070f100000|  0%| F|  |TAMS 0x000000070f000000, 0x000000070f000000| Untracked 
| 173|0x000000070f100000, 0x000000070f100000, 0x000000070f200000|  0%| F|  |TAMS 0x000000070f100000, 0x000000070f100000| Untracked 
| 174|0x000000070f200000, 0x000000070f200000, 0x000000070f300000|  0%| F|  |TAMS 0x000000070f200000, 0x000000070f200000| Untracked 
| 175|0x000000070f300000, 0x000000070f300000, 0x000000070f400000|  0%| F|  |TAMS 0x000000070f300000, 0x000000070f300000| Untracked 
| 176|0x000000070f400000, 0x000000070f400000, 0x000000070f500000|  0%| F|  |TAMS 0x000000070f400000, 0x000000070f400000| Untracked 
| 177|0x000000070f500000, 0x000000070f500000, 0x000000070f600000|  0%| F|  |TAMS 0x000000070f500000, 0x000000070f500000| Untracked 
| 178|0x000000070f600000, 0x000000070f600000, 0x000000070f700000|  0%| F|  |TAMS 0x000000070f600000, 0x000000070f600000| Untracked 
| 179|0x000000070f700000, 0x000000070f700000, 0x000000070f800000|  0%| F|  |TAMS 0x000000070f700000, 0x000000070f700000| Untracked 
| 180|0x000000070f800000, 0x000000070f800000, 0x000000070f900000|  0%| F|  |TAMS 0x000000070f800000, 0x000000070f800000| Untracked 
| 181|0x000000070f900000, 0x000000070f900000, 0x000000070fa00000|  0%| F|  |TAMS 0x000000070f900000, 0x000000070f900000| Untracked 
| 182|0x000000070fa00000, 0x000000070fa00000, 0x000000070fb00000|  0%| F|  |TAMS 0x000000070fa00000, 0x000000070fa00000| Untracked 
| 183|0x000000070fb00000, 0x000000070fb00000, 0x000000070fc00000|  0%| F|  |TAMS 0x000000070fb00000, 0x000000070fb00000| Untracked 
| 184|0x000000070fc00000, 0x000000070fc00000, 0x000000070fd00000|  0%| F|  |TAMS 0x000000070fc00000, 0x000000070fc00000| Untracked 
| 185|0x000000070fd00000, 0x000000070fd00000, 0x000000070fe00000|  0%| F|  |TAMS 0x000000070fd00000, 0x000000070fd00000| Untracked 
| 186|0x000000070fe00000, 0x000000070fe00000, 0x000000070ff00000|  0%| F|  |TAMS 0x000000070fe00000, 0x000000070fe00000| Untracked 
| 187|0x000000070ff00000, 0x000000070ff00000, 0x0000000710000000|  0%| F|  |TAMS 0x000000070ff00000, 0x000000070ff00000| Untracked 
| 188|0x0000000710000000, 0x0000000710000000, 0x0000000710100000|  0%| F|  |TAMS 0x0000000710000000, 0x0000000710000000| Untracked 
| 189|0x0000000710100000, 0x0000000710100000, 0x0000000710200000|  0%| F|  |TAMS 0x0000000710100000, 0x0000000710100000| Untracked 
| 190|0x0000000710200000, 0x0000000710200000, 0x0000000710300000|  0%| F|  |TAMS 0x0000000710200000, 0x0000000710200000| Untracked 
| 191|0x0000000710300000, 0x0000000710300000, 0x0000000710400000|  0%| F|  |TAMS 0x0000000710300000, 0x0000000710300000| Untracked 
| 192|0x0000000710400000, 0x0000000710400000, 0x0000000710500000|  0%| F|  |TAMS 0x0000000710400000, 0x0000000710400000| Untracked 
| 193|0x0000000710500000, 0x0000000710500000, 0x0000000710600000|  0%| F|  |TAMS 0x0000000710500000, 0x0000000710500000| Untracked 
| 194|0x0000000710600000, 0x0000000710600000, 0x0000000710700000|  0%| F|  |TAMS 0x0000000710600000, 0x0000000710600000| Untracked 
| 195|0x0000000710700000, 0x0000000710700000, 0x0000000710800000|  0%| F|  |TAMS 0x0000000710700000, 0x0000000710700000| Untracked 
| 196|0x0000000710800000, 0x0000000710800000, 0x0000000710900000|  0%| F|  |TAMS 0x0000000710800000, 0x0000000710800000| Untracked 
| 197|0x0000000710900000, 0x0000000710900000, 0x0000000710a00000|  0%| F|  |TAMS 0x0000000710900000, 0x0000000710900000| Untracked 
| 198|0x0000000710a00000, 0x0000000710a00000, 0x0000000710b00000|  0%| F|  |TAMS 0x0000000710a00000, 0x0000000710a00000| Untracked 
| 199|0x0000000710b00000, 0x0000000710b00000, 0x0000000710c00000|  0%| F|  |TAMS 0x0000000710b00000, 0x0000000710b00000| Untracked 
| 200|0x0000000710c00000, 0x0000000710c00000, 0x0000000710d00000|  0%| F|  |TAMS 0x0000000710c00000, 0x0000000710c00000| Untracked 
| 201|0x0000000710d00000, 0x0000000710d00000, 0x0000000710e00000|  0%| F|  |TAMS 0x0000000710d00000, 0x0000000710d00000| Untracked 
| 202|0x0000000710e00000, 0x0000000710e00000, 0x0000000710f00000|  0%| F|  |TAMS 0x0000000710e00000, 0x0000000710e00000| Untracked 
| 203|0x0000000710f00000, 0x0000000710f00000, 0x0000000711000000|  0%| F|  |TAMS 0x0000000710f00000, 0x0000000710f00000| Untracked 
| 204|0x0000000711000000, 0x0000000711000000, 0x0000000711100000|  0%| F|  |TAMS 0x0000000711000000, 0x0000000711000000| Untracked 
| 205|0x0000000711100000, 0x0000000711100000, 0x0000000711200000|  0%| F|  |TAMS 0x0000000711100000, 0x0000000711100000| Untracked 
| 206|0x0000000711200000, 0x00000007112fe2c0, 0x0000000711300000| 99%| E|  |TAMS 0x0000000711200000, 0x0000000711200000| Complete 
| 207|0x0000000711300000, 0x0000000711400000, 0x0000000711400000|100%| E|CS|TAMS 0x0000000711300000, 0x0000000711300000| Complete 
| 208|0x0000000711400000, 0x0000000711500000, 0x0000000711500000|100%| E|CS|TAMS 0x0000000711400000, 0x0000000711400000| Complete 
| 209|0x0000000711500000, 0x0000000711600000, 0x0000000711600000|100%| E|CS|TAMS 0x0000000711500000, 0x0000000711500000| Complete 
| 210|0x0000000711600000, 0x0000000711700000, 0x0000000711700000|100%| E|CS|TAMS 0x0000000711600000, 0x0000000711600000| Complete 
| 211|0x0000000711700000, 0x0000000711800000, 0x0000000711800000|100%| E|CS|TAMS 0x0000000711700000, 0x0000000711700000| Complete 
| 212|0x0000000711800000, 0x0000000711900000, 0x0000000711900000|100%| E|CS|TAMS 0x0000000711800000, 0x0000000711800000| Complete 
| 213|0x0000000711900000, 0x0000000711a00000, 0x0000000711a00000|100%| E|CS|TAMS 0x0000000711900000, 0x0000000711900000| Complete 
| 214|0x0000000711a00000, 0x0000000711b00000, 0x0000000711b00000|100%| E|CS|TAMS 0x0000000711a00000, 0x0000000711a00000| Complete 
| 215|0x0000000711b00000, 0x0000000711c00000, 0x0000000711c00000|100%| E|CS|TAMS 0x0000000711b00000, 0x0000000711b00000| Complete 
| 216|0x0000000711c00000, 0x0000000711d00000, 0x0000000711d00000|100%| E|CS|TAMS 0x0000000711c00000, 0x0000000711c00000| Complete 
| 217|0x0000000711d00000, 0x0000000711e00000, 0x0000000711e00000|100%| E|CS|TAMS 0x0000000711d00000, 0x0000000711d00000| Complete 
| 218|0x0000000711e00000, 0x0000000711f00000, 0x0000000711f00000|100%| E|CS|TAMS 0x0000000711e00000, 0x0000000711e00000| Complete 
| 219|0x0000000711f00000, 0x0000000712000000, 0x0000000712000000|100%| E|CS|TAMS 0x0000000711f00000, 0x0000000711f00000| Complete 
| 220|0x0000000712000000, 0x0000000712100000, 0x0000000712100000|100%| E|CS|TAMS 0x0000000712000000, 0x0000000712000000| Complete 
| 221|0x0000000712100000, 0x0000000712200000, 0x0000000712200000|100%| E|CS|TAMS 0x0000000712100000, 0x0000000712100000| Complete 
| 222|0x0000000712200000, 0x0000000712300000, 0x0000000712300000|100%| E|CS|TAMS 0x0000000712200000, 0x0000000712200000| Complete 
| 223|0x0000000712300000, 0x0000000712400000, 0x0000000712400000|100%| E|CS|TAMS 0x0000000712300000, 0x0000000712300000| Complete 
| 224|0x0000000712400000, 0x0000000712500000, 0x0000000712500000|100%| E|CS|TAMS 0x0000000712400000, 0x0000000712400000| Complete 
| 225|0x0000000712500000, 0x0000000712600000, 0x0000000712600000|100%| E|CS|TAMS 0x0000000712500000, 0x0000000712500000| Complete 
| 226|0x0000000712600000, 0x0000000712700000, 0x0000000712700000|100%| E|CS|TAMS 0x0000000712600000, 0x0000000712600000| Complete 
| 227|0x0000000712700000, 0x0000000712800000, 0x0000000712800000|100%| E|CS|TAMS 0x0000000712700000, 0x0000000712700000| Complete 
| 228|0x0000000712800000, 0x0000000712900000, 0x0000000712900000|100%| E|CS|TAMS 0x0000000712800000, 0x0000000712800000| Complete 
| 229|0x0000000712900000, 0x0000000712a00000, 0x0000000712a00000|100%| E|CS|TAMS 0x0000000712900000, 0x0000000712900000| Complete 
| 230|0x0000000712a00000, 0x0000000712b00000, 0x0000000712b00000|100%| E|CS|TAMS 0x0000000712a00000, 0x0000000712a00000| Complete 
| 231|0x0000000712b00000, 0x0000000712c00000, 0x0000000712c00000|100%| E|CS|TAMS 0x0000000712b00000, 0x0000000712b00000| Complete 
| 232|0x0000000712c00000, 0x0000000712d00000, 0x0000000712d00000|100%| E|CS|TAMS 0x0000000712c00000, 0x0000000712c00000| Complete 
| 233|0x0000000712d00000, 0x0000000712e00000, 0x0000000712e00000|100%| E|CS|TAMS 0x0000000712d00000, 0x0000000712d00000| Complete 
| 234|0x0000000712e00000, 0x0000000712f00000, 0x0000000712f00000|100%| E|CS|TAMS 0x0000000712e00000, 0x0000000712e00000| Complete 
| 235|0x0000000712f00000, 0x0000000713000000, 0x0000000713000000|100%| E|CS|TAMS 0x0000000712f00000, 0x0000000712f00000| Complete 
| 236|0x0000000713000000, 0x0000000713100000, 0x0000000713100000|100%| E|CS|TAMS 0x0000000713000000, 0x0000000713000000| Complete 
| 237|0x0000000713100000, 0x0000000713200000, 0x0000000713200000|100%| E|CS|TAMS 0x0000000713100000, 0x0000000713100000| Complete 
| 238|0x0000000713200000, 0x0000000713300000, 0x0000000713300000|100%| E|CS|TAMS 0x0000000713200000, 0x0000000713200000| Complete 
| 239|0x0000000713300000, 0x0000000713400000, 0x0000000713400000|100%| E|CS|TAMS 0x0000000713300000, 0x0000000713300000| Complete 
| 240|0x0000000713400000, 0x0000000713500000, 0x0000000713500000|100%| E|CS|TAMS 0x0000000713400000, 0x0000000713400000| Complete 
| 241|0x0000000713500000, 0x0000000713600000, 0x0000000713600000|100%| E|CS|TAMS 0x0000000713500000, 0x0000000713500000| Complete 
| 242|0x0000000713600000, 0x0000000713700000, 0x0000000713700000|100%| E|CS|TAMS 0x0000000713600000, 0x0000000713600000| Complete 
| 243|0x0000000713700000, 0x0000000713800000, 0x0000000713800000|100%| E|CS|TAMS 0x0000000713700000, 0x0000000713700000| Complete 
| 244|0x0000000713800000, 0x0000000713900000, 0x0000000713900000|100%| E|CS|TAMS 0x0000000713800000, 0x0000000713800000| Complete 
| 245|0x0000000713900000, 0x0000000713a00000, 0x0000000713a00000|100%| E|CS|TAMS 0x0000000713900000, 0x0000000713900000| Complete 
| 246|0x0000000713a00000, 0x0000000713b00000, 0x0000000713b00000|100%| E|CS|TAMS 0x0000000713a00000, 0x0000000713a00000| Complete 
| 247|0x0000000713b00000, 0x0000000713c00000, 0x0000000713c00000|100%| E|CS|TAMS 0x0000000713b00000, 0x0000000713b00000| Complete 
| 248|0x0000000713c00000, 0x0000000713d00000, 0x0000000713d00000|100%| E|CS|TAMS 0x0000000713c00000, 0x0000000713c00000| Complete 
| 249|0x0000000713d00000, 0x0000000713e00000, 0x0000000713e00000|100%| E|CS|TAMS 0x0000000713d00000, 0x0000000713d00000| Complete 
| 250|0x0000000713e00000, 0x0000000713f00000, 0x0000000713f00000|100%| E|CS|TAMS 0x0000000713e00000, 0x0000000713e00000| Complete 
| 251|0x0000000713f00000, 0x0000000714000000, 0x0000000714000000|100%| E|CS|TAMS 0x0000000713f00000, 0x0000000713f00000| Complete 
| 252|0x0000000714000000, 0x0000000714100000, 0x0000000714100000|100%| E|CS|TAMS 0x0000000714000000, 0x0000000714000000| Complete 
| 253|0x0000000714100000, 0x0000000714200000, 0x0000000714200000|100%| E|CS|TAMS 0x0000000714100000, 0x0000000714100000| Complete 
| 254|0x0000000714200000, 0x0000000714300000, 0x0000000714300000|100%| E|CS|TAMS 0x0000000714200000, 0x0000000714200000| Complete 
| 255|0x0000000714300000, 0x0000000714400000, 0x0000000714400000|100%| E|CS|TAMS 0x0000000714300000, 0x0000000714300000| Complete 
| 256|0x0000000714400000, 0x0000000714500000, 0x0000000714500000|100%| E|CS|TAMS 0x0000000714400000, 0x0000000714400000| Complete 
| 257|0x0000000714500000, 0x0000000714600000, 0x0000000714600000|100%| E|CS|TAMS 0x0000000714500000, 0x0000000714500000| Complete 
| 258|0x0000000714600000, 0x0000000714700000, 0x0000000714700000|100%| E|CS|TAMS 0x0000000714600000, 0x0000000714600000| Complete 
| 259|0x0000000714700000, 0x0000000714800000, 0x0000000714800000|100%| E|CS|TAMS 0x0000000714700000, 0x0000000714700000| Complete 
| 260|0x0000000714800000, 0x0000000714900000, 0x0000000714900000|100%| E|CS|TAMS 0x0000000714800000, 0x0000000714800000| Complete 
| 261|0x0000000714900000, 0x0000000714a00000, 0x0000000714a00000|100%| E|CS|TAMS 0x0000000714900000, 0x0000000714900000| Complete 
| 262|0x0000000714a00000, 0x0000000714b00000, 0x0000000714b00000|100%| E|CS|TAMS 0x0000000714a00000, 0x0000000714a00000| Complete 
| 263|0x0000000714b00000, 0x0000000714c00000, 0x0000000714c00000|100%| E|CS|TAMS 0x0000000714b00000, 0x0000000714b00000| Complete 
| 264|0x0000000714c00000, 0x0000000714d00000, 0x0000000714d00000|100%| E|CS|TAMS 0x0000000714c00000, 0x0000000714c00000| Complete 
| 265|0x0000000714d00000, 0x0000000714e00000, 0x0000000714e00000|100%| E|CS|TAMS 0x0000000714d00000, 0x0000000714d00000| Complete 
| 266|0x0000000714e00000, 0x0000000714f00000, 0x0000000714f00000|100%| E|CS|TAMS 0x0000000714e00000, 0x0000000714e00000| Complete 
| 267|0x0000000714f00000, 0x0000000715000000, 0x0000000715000000|100%| E|CS|TAMS 0x0000000714f00000, 0x0000000714f00000| Complete 
| 268|0x0000000715000000, 0x0000000715100000, 0x0000000715100000|100%| E|CS|TAMS 0x0000000715000000, 0x0000000715000000| Complete 
| 269|0x0000000715100000, 0x0000000715200000, 0x0000000715200000|100%| E|CS|TAMS 0x0000000715100000, 0x0000000715100000| Complete 
| 270|0x0000000715200000, 0x0000000715300000, 0x0000000715300000|100%| E|CS|TAMS 0x0000000715200000, 0x0000000715200000| Complete 
| 271|0x0000000715300000, 0x0000000715400000, 0x0000000715400000|100%| E|CS|TAMS 0x0000000715300000, 0x0000000715300000| Complete 
| 272|0x0000000715400000, 0x0000000715500000, 0x0000000715500000|100%| E|CS|TAMS 0x0000000715400000, 0x0000000715400000| Complete 
| 273|0x0000000715500000, 0x0000000715600000, 0x0000000715600000|100%| E|CS|TAMS 0x0000000715500000, 0x0000000715500000| Complete 
| 274|0x0000000715600000, 0x0000000715700000, 0x0000000715700000|100%| E|CS|TAMS 0x0000000715600000, 0x0000000715600000| Complete 
| 275|0x0000000715700000, 0x0000000715800000, 0x0000000715800000|100%| E|CS|TAMS 0x0000000715700000, 0x0000000715700000| Complete 
| 276|0x0000000715800000, 0x0000000715900000, 0x0000000715900000|100%| E|CS|TAMS 0x0000000715800000, 0x0000000715800000| Complete 
| 277|0x0000000715900000, 0x0000000715a00000, 0x0000000715a00000|100%| E|CS|TAMS 0x0000000715900000, 0x0000000715900000| Complete 
| 278|0x0000000715a00000, 0x0000000715b00000, 0x0000000715b00000|100%| E|CS|TAMS 0x0000000715a00000, 0x0000000715a00000| Complete 
| 279|0x0000000715b00000, 0x0000000715c00000, 0x0000000715c00000|100%| E|CS|TAMS 0x0000000715b00000, 0x0000000715b00000| Complete 
| 280|0x0000000715c00000, 0x0000000715d00000, 0x0000000715d00000|100%| E|CS|TAMS 0x0000000715c00000, 0x0000000715c00000| Complete 
| 281|0x0000000715d00000, 0x0000000715e00000, 0x0000000715e00000|100%| E|CS|TAMS 0x0000000715d00000, 0x0000000715d00000| Complete 
| 282|0x0000000715e00000, 0x0000000715f00000, 0x0000000715f00000|100%| E|CS|TAMS 0x0000000715e00000, 0x0000000715e00000| Complete 
| 283|0x0000000715f00000, 0x0000000716000000, 0x0000000716000000|100%| E|CS|TAMS 0x0000000715f00000, 0x0000000715f00000| Complete 
| 284|0x0000000716000000, 0x0000000716100000, 0x0000000716100000|100%| E|CS|TAMS 0x0000000716000000, 0x0000000716000000| Complete 
| 285|0x0000000716100000, 0x0000000716200000, 0x0000000716200000|100%| E|CS|TAMS 0x0000000716100000, 0x0000000716100000| Complete 
| 286|0x0000000716200000, 0x0000000716300000, 0x0000000716300000|100%| E|CS|TAMS 0x0000000716200000, 0x0000000716200000| Complete 
| 287|0x0000000716300000, 0x0000000716400000, 0x0000000716400000|100%| E|CS|TAMS 0x0000000716300000, 0x0000000716300000| Complete 
| 288|0x0000000716400000, 0x0000000716500000, 0x0000000716500000|100%| E|CS|TAMS 0x0000000716400000, 0x0000000716400000| Complete 
| 289|0x0000000716500000, 0x0000000716600000, 0x0000000716600000|100%| E|CS|TAMS 0x0000000716500000, 0x0000000716500000| Complete 
| 290|0x0000000716600000, 0x0000000716700000, 0x0000000716700000|100%| E|CS|TAMS 0x0000000716600000, 0x0000000716600000| Complete 
| 291|0x0000000716700000, 0x0000000716800000, 0x0000000716800000|100%| E|CS|TAMS 0x0000000716700000, 0x0000000716700000| Complete 
| 292|0x0000000716800000, 0x0000000716900000, 0x0000000716900000|100%| E|CS|TAMS 0x0000000716800000, 0x0000000716800000| Complete 
| 293|0x0000000716900000, 0x0000000716a00000, 0x0000000716a00000|100%| E|CS|TAMS 0x0000000716900000, 0x0000000716900000| Complete 
| 294|0x0000000716a00000, 0x0000000716b00000, 0x0000000716b00000|100%| E|CS|TAMS 0x0000000716a00000, 0x0000000716a00000| Complete 
| 295|0x0000000716b00000, 0x0000000716c00000, 0x0000000716c00000|100%| E|CS|TAMS 0x0000000716b00000, 0x0000000716b00000| Complete 
| 296|0x0000000716c00000, 0x0000000716d00000, 0x0000000716d00000|100%| E|CS|TAMS 0x0000000716c00000, 0x0000000716c00000| Complete 
| 297|0x0000000716d00000, 0x0000000716e00000, 0x0000000716e00000|100%| E|CS|TAMS 0x0000000716d00000, 0x0000000716d00000| Complete 
| 298|0x0000000716e00000, 0x0000000716f00000, 0x0000000716f00000|100%| E|CS|TAMS 0x0000000716e00000, 0x0000000716e00000| Complete 
| 299|0x0000000716f00000, 0x0000000717000000, 0x0000000717000000|100%| E|CS|TAMS 0x0000000716f00000, 0x0000000716f00000| Complete 
| 300|0x0000000717000000, 0x0000000717100000, 0x0000000717100000|100%| E|CS|TAMS 0x0000000717000000, 0x0000000717000000| Complete 
| 301|0x0000000717100000, 0x0000000717200000, 0x0000000717200000|100%| E|CS|TAMS 0x0000000717100000, 0x0000000717100000| Complete 
| 302|0x0000000717200000, 0x0000000717300000, 0x0000000717300000|100%| E|CS|TAMS 0x0000000717200000, 0x0000000717200000| Complete 

Card table byte_map: [0x00000293ef990000,0x00000293f0170000] _byte_map_base: 0x00000293ec16e000

Marking Bits (Prev, Next): (CMBitMap*) 0x00000293d71e86d8, (CMBitMap*) 0x00000293d71e8710
 Prev Bits: [0x00000293f0950000, 0x00000293f4840000)
 Next Bits: [0x00000293f4840000, 0x00000293f8730000)

Polling page: 0x00000293d4e50000

Metaspace:

Usage:
  Non-class:     68.51 MB capacity,    67.00 MB ( 98%) used,     1.22 MB (  2%) free+waste,   298.81 KB ( <1%) overhead. 
      Class:     10.49 MB capacity,     9.50 MB ( 91%) used,   864.98 KB (  8%) free+waste,   146.81 KB (  1%) overhead. 
       Both:     79.00 MB capacity,    76.50 MB ( 97%) used,     2.06 MB (  3%) free+waste,   445.62 KB ( <1%) overhead. 

Virtual space:
  Non-class space:       70.00 MB reserved,      68.64 MB ( 98%) committed 
      Class space:        1.00 GB reserved,      10.57 MB (  1%) committed 
             Both:        1.07 GB reserved,      79.21 MB (  7%) committed 

Chunk freelists:
   Non-Class:  3.00 KB
       Class:  9.00 KB
        Both:  12.00 KB

MaxMetaspaceSize: 17179869184.00 GB
CompressedClassSpaceSize: 1.00 GB
Initial GC threshold: 20.80 MB
Current GC threshold: 126.18 MB
CDS: on

CodeHeap 'non-profiled nmethods': size=233856Kb used=19438Kb max_used=19438Kb free=214417Kb
 bounds [0x00000293e04d0000, 0x00000293e17d0000, 0x00000293ee930000]
CodeHeap 'non-nmethods': size=11904Kb used=1440Kb max_used=1440Kb free=10463Kb
 bounds [0x00000293df930000, 0x00000293dfba0000, 0x00000293e04d0000]
 total_blobs=12327 nmethods=11546 adapters=706
 compilation: enabled
              stopped_count=0, restarted_count=0
 full_count=0

Compilation events (20 events):
Event: 20901.859 Thread 0x00000293fc148800 11963   !   1       jdk.internal.reflect.GeneratedMethodAccessor80::invoke (89 bytes)
Event: 20901.859 Thread 0x00000293fc148800 nmethod 11963 0x00000293e17c5110 code [0x00000293e17c5340, 0x00000293e17c5958]
Event: 20901.859 Thread 0x00000293fc148800 11964   !   1       jdk.internal.reflect.GeneratedMethodAccessor81::invoke (89 bytes)
Event: 20901.860 Thread 0x00000293fc148800 nmethod 11964 0x00000293e17c5d10 code [0x00000293e17c5f40, 0x00000293e17c6558]
Event: 20901.860 Thread 0x00000293fc148800 11965   !   1       jdk.internal.reflect.GeneratedMethodAccessor82::invoke (66 bytes)
Event: 20901.860 Thread 0x00000293fc148800 nmethod 11965 0x00000293e17c6910 code [0x00000293e17c6b20, 0x00000293e17c7088]
Event: 20901.860 Thread 0x00000293fc148800 11966   !   1       jdk.internal.reflect.GeneratedMethodAccessor83::invoke (66 bytes)
Event: 20901.861 Thread 0x00000293fc148800 nmethod 11966 0x00000293e17c7390 code [0x00000293e17c75a0, 0x00000293e17c7b08]
Event: 20901.861 Thread 0x00000293fc148800 11967   !   1       jdk.internal.reflect.GeneratedMethodAccessor84::invoke (66 bytes)
Event: 20901.861 Thread 0x00000293fc148800 nmethod 11967 0x00000293e17c7e10 code [0x00000293e17c8020, 0x00000293e17c8588]
Event: 20961.855 Thread 0x00000293fc148800 11968   !   1       jdk.internal.reflect.GeneratedMethodAccessor85::invoke (61 bytes)
Event: 20961.855 Thread 0x00000293fc148800 nmethod 11968 0x00000293e17c8890 code [0x00000293e17c8aa0, 0x00000293e17c8f28]
Event: 20961.855 Thread 0x00000293fc148800 11969   !   1       jdk.internal.reflect.GeneratedMethodAccessor86::invoke (64 bytes)
Event: 20961.856 Thread 0x00000293fc148800 nmethod 11969 0x00000293e17c9210 code [0x00000293e17c9420, 0x00000293e17c98c8]
Event: 20961.857 Thread 0x00000293fc148800 11970   !   1       jdk.internal.reflect.GeneratedMethodAccessor87::invoke (64 bytes)
Event: 20961.858 Thread 0x00000293fc148800 nmethod 11970 0x00000293e17c9b90 code [0x00000293e17c9da0, 0x00000293e17ca308]
Event: 20961.858 Thread 0x00000293fc148800 11971   !   1       jdk.internal.reflect.GeneratedConstructorAccessor59::newInstance (49 bytes)
Event: 20961.861 Thread 0x00000293fc148800 nmethod 11971 0x00000293e17ca610 code [0x00000293e17ca800, 0x00000293e17cabf8]
Event: 20961.861 Thread 0x00000293fc148800 11972   !   1       jdk.internal.reflect.GeneratedMethodAccessor88::invoke (66 bytes)
Event: 20961.862 Thread 0x00000293fc148800 nmethod 11972 0x00000293e17cae90 code [0x00000293e17cb0a0, 0x00000293e17cb608]

GC Heap History (20 events):
Event: 5.534 GC heap before
{Heap before GC invocations=6 (full 0):
 garbage-first heap   total 258048K, used 129455K [0x0000000704400000, 0x0000000800000000)
  region size 1024K, 116 young (118784K), 6 survivors (6144K)
 Metaspace       used 25347K, capacity 26385K, committed 26620K, reserved 1073152K
  class space    used 3365K, capacity 3783K, committed 3836K, reserved 1048576K
}
Event: 5.543 GC heap after
{Heap after GC invocations=7 (full 0):
 garbage-first heap   total 258048K, used 19106K [0x0000000704400000, 0x0000000800000000)
  region size 1024K, 8 young (8192K), 8 survivors (8192K)
 Metaspace       used 25347K, capacity 26385K, committed 26620K, reserved 1073152K
  class space    used 3365K, capacity 3783K, committed 3836K, reserved 1048576K
}
Event: 8.517 GC heap before
{Heap before GC invocations=7 (full 0):
 garbage-first heap   total 258048K, used 164514K [0x0000000704400000, 0x0000000800000000)
  region size 1024K, 145 young (148480K), 8 survivors (8192K)
 Metaspace       used 33884K, capacity 35249K, committed 35580K, reserved 1079296K
  class space    used 4437K, capacity 5007K, committed 5116K, reserved 1048576K
}
Event: 8.528 GC heap after
{Heap after GC invocations=8 (full 0):
 garbage-first heap   total 258048K, used 23571K [0x0000000704400000, 0x0000000800000000)
  region size 1024K, 13 young (13312K), 13 survivors (13312K)
 Metaspace       used 33884K, capacity 35249K, committed 35580K, reserved 1079296K
  class space    used 4437K, capacity 5007K, committed 5116K, reserved 1048576K
}
Event: 8.598 GC heap before
{Heap before GC invocations=8 (full 0):
 garbage-first heap   total 258048K, used 30739K [0x0000000704400000, 0x0000000800000000)
  region size 1024K, 21 young (21504K), 13 survivors (13312K)
 Metaspace       used 34399K, capacity 35813K, committed 36048K, reserved 1081344K
  class space    used 4507K, capacity 5068K, committed 5116K, reserved 1048576K
}
Event: 8.621 GC heap after
{Heap after GC invocations=9 (full 0):
 garbage-first heap   total 310272K, used 23960K [0x0000000704400000, 0x0000000800000000)
  region size 1024K, 11 young (11264K), 11 survivors (11264K)
 Metaspace       used 34399K, capacity 35813K, committed 36048K, reserved 1081344K
  class space    used 4507K, capacity 5068K, committed 5116K, reserved 1048576K
}
Event: 10.823 GC heap before
{Heap before GC invocations=10 (full 0):
 garbage-first heap   total 310272K, used 198040K [0x0000000704400000, 0x0000000800000000)
  region size 1024K, 181 young (185344K), 11 survivors (11264K)
 Metaspace       used 46715K, capacity 48417K, committed 48464K, reserved 1091584K
  class space    used 6055K, capacity 6752K, committed 6780K, reserved 1048576K
}
Event: 10.832 GC heap after
{Heap after GC invocations=11 (full 0):
 garbage-first heap   total 310272K, used 30339K [0x0000000704400000, 0x0000000800000000)
  region size 1024K, 17 young (17408K), 17 survivors (17408K)
 Metaspace       used 46715K, capacity 48417K, committed 48464K, reserved 1091584K
  class space    used 6055K, capacity 6752K, committed 6780K, reserved 1048576K
}
Event: 14.759 GC heap before
{Heap before GC invocations=11 (full 0):
 garbage-first heap   total 310272K, used 198275K [0x0000000704400000, 0x0000000800000000)
  region size 1024K, 181 young (185344K), 17 survivors (17408K)
 Metaspace       used 53380K, capacity 55300K, committed 55504K, reserved 1097728K
  class space    used 6750K, capacity 7551K, committed 7676K, reserved 1048576K
}
Event: 14.767 GC heap after
{Heap after GC invocations=12 (full 0):
 garbage-first heap   total 310272K, used 35322K [0x0000000704400000, 0x0000000800000000)
  region size 1024K, 18 young (18432K), 18 survivors (18432K)
 Metaspace       used 53380K, capacity 55300K, committed 55504K, reserved 1097728K
  class space    used 6750K, capacity 7551K, committed 7676K, reserved 1048576K
}
Event: 15.578 GC heap before
{Heap before GC invocations=12 (full 0):
 garbage-first heap   total 310272K, used 129530K [0x0000000704400000, 0x0000000800000000)
  region size 1024K, 111 young (113664K), 18 survivors (18432K)
 Metaspace       used 58284K, capacity 60178K, committed 60296K, reserved 1101824K
  class space    used 7341K, capacity 8132K, committed 8188K, reserved 1048576K
}
Event: 15.585 GC heap after
{Heap after GC invocations=13 (full 0):
 garbage-first heap   total 310272K, used 37351K [0x0000000704400000, 0x0000000800000000)
  region size 1024K, 9 young (9216K), 9 survivors (9216K)
 Metaspace       used 58284K, capacity 60178K, committed 60296K, reserved 1101824K
  class space    used 7341K, capacity 8132K, committed 8188K, reserved 1048576K
}
Event: 110.074 GC heap before
{Heap before GC invocations=14 (full 0):
 garbage-first heap   total 310272K, used 212455K [0x0000000704400000, 0x0000000800000000)
  region size 1024K, 181 young (185344K), 9 survivors (9216K)
 Metaspace       used 75034K, capacity 77334K, committed 77524K, reserved 1116160K
  class space    used 9292K, capacity 10217K, committed 10312K, reserved 1048576K
}
Event: 110.086 GC heap after
{Heap after GC invocations=15 (full 0):
 garbage-first heap   total 310272K, used 44240K [0x0000000704400000, 0x0000000800000000)
  region size 1024K, 15 young (15360K), 15 survivors (15360K)
 Metaspace       used 75034K, capacity 77334K, committed 77524K, reserved 1116160K
  class space    used 9292K, capacity 10217K, committed 10312K, reserved 1048576K
}
Event: 1544.223 GC heap before
{Heap before GC invocations=16 (full 0):
 garbage-first heap   total 310272K, used 220368K [0x0000000704400000, 0x0000000800000000)
  region size 1024K, 181 young (185344K), 15 survivors (15360K)
 Metaspace       used 78019K, capacity 80466K, committed 80724K, reserved 1120256K
  class space    used 9714K, capacity 10693K, committed 10696K, reserved 1048576K
}
Event: 1544.249 GC heap after
{Heap after GC invocations=17 (full 0):
 garbage-first heap   total 310272K, used 55759K [0x0000000704400000, 0x0000000800000000)
  region size 1024K, 22 young (22528K), 22 survivors (22528K)
 Metaspace       used 78019K, capacity 80466K, committed 80724K, reserved 1120256K
  class space    used 9714K, capacity 10693K, committed 10696K, reserved 1048576K
}
Event: 5188.441 GC heap before
{Heap before GC invocations=17 (full 0):
 garbage-first heap   total 310272K, used 218575K [0x0000000704400000, 0x0000000800000000)
  region size 1024K, 181 young (185344K), 22 survivors (22528K)
 Metaspace       used 78294K, capacity 80833K, committed 81108K, reserved 1120256K
  class space    used 9722K, capacity 10728K, committed 10824K, reserved 1048576K
}
Event: 5188.550 GC heap after
{Heap after GC invocations=18 (full 0):
 garbage-first heap   total 310272K, used 57079K [0x0000000704400000, 0x0000000800000000)
  region size 1024K, 14 young (14336K), 14 survivors (14336K)
 Metaspace       used 78294K, capacity 80833K, committed 81108K, reserved 1120256K
  class space    used 9722K, capacity 10728K, committed 10824K, reserved 1048576K
}
Event: 15806.494 GC heap before
{Heap before GC invocations=18 (full 0):
 garbage-first heap   total 310272K, used 228087K [0x0000000704400000, 0x0000000800000000)
  region size 1024K, 181 young (185344K), 14 survivors (14336K)
 Metaspace       used 78339K, capacity 80900K, committed 81108K, reserved 1120256K
  class space    used 9730K, capacity 10743K, committed 10824K, reserved 1048576K
}
Event: 15806.558 GC heap after
{Heap after GC invocations=19 (full 0):
 garbage-first heap   total 310272K, used 55774K [0x0000000704400000, 0x0000000800000000)
  region size 1024K, 12 young (12288K), 12 survivors (12288K)
 Metaspace       used 78339K, capacity 80900K, committed 81108K, reserved 1120256K
  class space    used 9730K, capacity 10743K, committed 10824K, reserved 1048576K
}

Deoptimization events (8 events):
Event: 5.999 Thread 0x00000293d7181800 DEOPT PACKING pc=0x00000293e0b10237 sp=0x000000f8281fb590
Event: 5.999 Thread 0x00000293d7181800 DEOPT UNPACKING pc=0x00000293df97a95e sp=0x000000f8281fab28 mode 3
Event: 10.077 Thread 0x00000293d7181800 DEOPT PACKING pc=0x00000293e085f83b sp=0x000000f8281fa2d0
Event: 10.077 Thread 0x00000293d7181800 DEOPT UNPACKING pc=0x00000293df97a95e sp=0x000000f8281f97d8 mode 3
Event: 10.078 Thread 0x00000293d7181800 DEOPT PACKING pc=0x00000293e085c32d sp=0x000000f8281fa2a0
Event: 10.078 Thread 0x00000293d7181800 DEOPT UNPACKING pc=0x00000293df97a95e sp=0x000000f8281f97d8 mode 3
Event: 15.471 Thread 0x00000293d7181800 DEOPT PACKING pc=0x00000293e06aaeec sp=0x000000f8281fc860
Event: 15.471 Thread 0x00000293d7181800 DEOPT UNPACKING pc=0x00000293df97a95e sp=0x000000f8281fbd78 mode 0

Classes redefined (0 events):
No events

Internal exceptions (20 events):
Event: 20983.718 Thread 0x00000293fcb69000 Exception <a 'java/io/FileNotFoundException'{0x0000000711320078}> (0x0000000711320078) thrown at [s\src\hotspot\share\prims\jni.cpp, line 617]
Event: 20983.718 Thread 0x00000293fcb69000 Exception <a 'java/io/FileNotFoundException'{0x0000000711320808}> (0x0000000711320808) thrown at [s\src\hotspot\share\prims\jni.cpp, line 617]
Event: 20993.736 Thread 0x00000293fcb69000 Exception <a 'java/io/FileNotFoundException'{0x000000071132b008}> (0x000000071132b008) thrown at [s\src\hotspot\share\prims\jni.cpp, line 617]
Event: 20993.736 Thread 0x00000293fcb69000 Exception <a 'java/io/FileNotFoundException'{0x000000071132b798}> (0x000000071132b798) thrown at [s\src\hotspot\share\prims\jni.cpp, line 617]
Event: 21003.747 Thread 0x00000293fcb69000 Exception <a 'java/io/FileNotFoundException'{0x0000000711335f98}> (0x0000000711335f98) thrown at [s\src\hotspot\share\prims\jni.cpp, line 617]
Event: 21003.747 Thread 0x00000293fcb69000 Exception <a 'java/io/FileNotFoundException'{0x0000000711336728}> (0x0000000711336728) thrown at [s\src\hotspot\share\prims\jni.cpp, line 617]
Event: 21013.766 Thread 0x00000293fcb69000 Exception <a 'java/io/FileNotFoundException'{0x0000000711340f28}> (0x0000000711340f28) thrown at [s\src\hotspot\share\prims\jni.cpp, line 617]
Event: 21013.767 Thread 0x00000293fcb69000 Exception <a 'java/io/FileNotFoundException'{0x00000007113416b8}> (0x00000007113416b8) thrown at [s\src\hotspot\share\prims\jni.cpp, line 617]
Event: 21023.772 Thread 0x00000293fcb69000 Exception <a 'java/io/FileNotFoundException'{0x000000071134beb8}> (0x000000071134beb8) thrown at [s\src\hotspot\share\prims\jni.cpp, line 617]
Event: 21023.772 Thread 0x00000293fcb69000 Exception <a 'java/io/FileNotFoundException'{0x000000071134c648}> (0x000000071134c648) thrown at [s\src\hotspot\share\prims\jni.cpp, line 617]
Event: 21033.781 Thread 0x00000293fcb69000 Exception <a 'java/io/FileNotFoundException'{0x0000000711356e48}> (0x0000000711356e48) thrown at [s\src\hotspot\share\prims\jni.cpp, line 617]
Event: 21033.781 Thread 0x00000293fcb69000 Exception <a 'java/io/FileNotFoundException'{0x00000007113575d8}> (0x00000007113575d8) thrown at [s\src\hotspot\share\prims\jni.cpp, line 617]
Event: 21043.789 Thread 0x00000293fcb69000 Exception <a 'java/io/FileNotFoundException'{0x0000000711243518}> (0x0000000711243518) thrown at [s\src\hotspot\share\prims\jni.cpp, line 617]
Event: 21043.789 Thread 0x00000293fcb69000 Exception <a 'java/io/FileNotFoundException'{0x0000000711243ca8}> (0x0000000711243ca8) thrown at [s\src\hotspot\share\prims\jni.cpp, line 617]
Event: 21053.799 Thread 0x00000293fcb69000 Exception <a 'java/io/FileNotFoundException'{0x000000071124e4a8}> (0x000000071124e4a8) thrown at [s\src\hotspot\share\prims\jni.cpp, line 617]
Event: 21053.799 Thread 0x00000293fcb69000 Exception <a 'java/io/FileNotFoundException'{0x000000071124ec38}> (0x000000071124ec38) thrown at [s\src\hotspot\share\prims\jni.cpp, line 617]
Event: 21063.803 Thread 0x00000293fcb69000 Exception <a 'java/io/FileNotFoundException'{0x0000000711259438}> (0x0000000711259438) thrown at [s\src\hotspot\share\prims\jni.cpp, line 617]
Event: 21063.803 Thread 0x00000293fcb69000 Exception <a 'java/io/FileNotFoundException'{0x0000000711259bc8}> (0x0000000711259bc8) thrown at [s\src\hotspot\share\prims\jni.cpp, line 617]
Event: 21074.581 Thread 0x00000293fcb69000 Exception <a 'java/io/FileNotFoundException'{0x00000007112643c8}> (0x00000007112643c8) thrown at [s\src\hotspot\share\prims\jni.cpp, line 617]
Event: 21074.581 Thread 0x00000293fcb69000 Exception <a 'java/io/FileNotFoundException'{0x0000000711264b58}> (0x0000000711264b58) thrown at [s\src\hotspot\share\prims\jni.cpp, line 617]

Events (20 events):
Event: 21068.347 Executing VM operation: RevokeBias done
Event: 21068.547 Thread 0x0000029381e87800 Thread exited: 0x0000029381e87800
Event: 21068.563 Executing VM operation: RevokeBias
Event: 21068.563 Executing VM operation: RevokeBias done
Event: 21068.563 Executing VM operation: RevokeBias
Event: 21068.563 Executing VM operation: RevokeBias done
Event: 21068.564 Thread 0x0000029381e89800 Thread added: 0x0000029381e89800
Event: 21073.356 Executing VM operation: RevokeBias
Event: 21073.356 Executing VM operation: RevokeBias done
Event: 21073.356 Executing VM operation: RevokeBias
Event: 21073.357 Executing VM operation: RevokeBias done
Event: 21073.550 Thread 0x0000029381e88800 Thread exited: 0x0000029381e88800
Event: 21073.566 Executing VM operation: RevokeBias
Event: 21073.566 Executing VM operation: RevokeBias done
Event: 21073.567 Executing VM operation: BulkRevokeBias
Event: 21074.579 Executing VM operation: BulkRevokeBias done
Event: 21074.579 Thread 0x0000029381e87800 Thread added: 0x0000029381e87800
Event: 21078.360 Executing VM operation: RevokeBias
Event: 21078.360 Executing VM operation: RevokeBias done
Event: 21078.360 Executing VM operation: BulkRevokeBias


Dynamic libraries:
0x00007ff722e30000 - 0x00007ff722e3e000 	C:\Users\JOKER717\.jdks\ms-11.0.30\bin\java.exe
0x00007ff8120e0000 - 0x00007ff812347000 	C:\WINDOWS\SYSTEM32\ntdll.dll
0x00007ff810920000 - 0x00007ff8109e9000 	C:\WINDOWS\System32\KERNEL32.DLL
0x00007ff80efb0000 - 0x00007ff80f3a7000 	C:\WINDOWS\System32\KERNELBASE.dll
0x00007ff80ebc0000 - 0x00007ff80ed0b000 	C:\WINDOWS\System32\ucrtbase.dll
0x00007fff7c740000 - 0x00007fff7c758000 	C:\Users\JOKER717\.jdks\ms-11.0.30\bin\jli.dll
0x00007fff7c760000 - 0x00007fff7c77e000 	C:\Users\JOKER717\.jdks\ms-11.0.30\bin\VCRUNTIME140.dll
0x00007ff811ed0000 - 0x00007ff812096000 	C:\WINDOWS\System32\USER32.dll
0x00007ff80ee50000 - 0x00007ff80ee77000 	C:\WINDOWS\System32\win32u.dll
0x00007ffff5240000 - 0x00007ffff54d2000 	C:\WINDOWS\WinSxS\amd64_microsoft.windows.common-controls_6595b64144ccf1df_6.0.26100.8328_none_3e08182ce334b678\COMCTL32.dll
0x00007ff8107d0000 - 0x00007ff8107fb000 	C:\WINDOWS\System32\GDI32.dll
0x00007ff811e20000 - 0x00007ff811ec9000 	C:\WINDOWS\System32\msvcrt.dll
0x00007ff80ee80000 - 0x00007ff80efac000 	C:\WINDOWS\System32\gdi32full.dll
0x00007ff80ed10000 - 0x00007ff80edb3000 	C:\WINDOWS\System32\msvcp_win.dll
0x00007ff8108e0000 - 0x00007ff810912000 	C:\WINDOWS\System32\IMM32.DLL
0x00007fffdcb90000 - 0x00007fffdcb9c000 	C:\Users\JOKER717\.jdks\ms-11.0.30\bin\vcruntime140_1.dll
0x00007fff65ee0000 - 0x00007fff65f6d000 	C:\Users\JOKER717\.jdks\ms-11.0.30\bin\msvcp140.dll
0x00007fff57040000 - 0x00007fff57c16000 	C:\Users\JOKER717\.jdks\ms-11.0.30\bin\server\jvm.dll
0x00007ff810710000 - 0x00007ff8107c6000 	C:\WINDOWS\System32\ADVAPI32.dll
0x00007ff8103a0000 - 0x00007ff810447000 	C:\WINDOWS\System32\sechost.dll
0x00007ff8100e0000 - 0x00007ff8101f8000 	C:\WINDOWS\System32\RPCRT4.dll
0x00007ff810800000 - 0x00007ff810880000 	C:\WINDOWS\System32\WS2_32.dll
0x00007ffff5ba0000 - 0x00007ffff5bd6000 	C:\WINDOWS\SYSTEM32\WINMM.dll
0x00007ffff88e0000 - 0x00007ffff88eb000 	C:\WINDOWS\SYSTEM32\VERSION.dll
0x00007ff80d8a0000 - 0x00007ff80d8bb000 	C:\WINDOWS\SYSTEM32\kernel.appcore.dll
0x00007fff7c730000 - 0x00007fff7c740000 	C:\Users\JOKER717\.jdks\ms-11.0.30\bin\verify.dll
0x00007ff80ca90000 - 0x00007ff80ccd2000 	C:\WINDOWS\SYSTEM32\DBGHELP.DLL
0x00007ff810bf0000 - 0x00007ff810f73000 	C:\WINDOWS\System32\combase.dll
0x00007ff810000000 - 0x00007ff8100d9000 	C:\WINDOWS\System32\OLEAUT32.dll
0x00007ffff4f40000 - 0x00007ffff4f7b000 	C:\WINDOWS\SYSTEM32\dbgcore.DLL
0x00007ff80eb10000 - 0x00007ff80ebb8000 	C:\WINDOWS\System32\bcryptPrimitives.dll
0x00007fff65eb0000 - 0x00007fff65eda000 	C:\Users\JOKER717\.jdks\ms-11.0.30\bin\java.dll
0x00007fff7c690000 - 0x00007fff7c69a000 	C:\Users\JOKER717\.jdks\ms-11.0.30\bin\jimage.dll
0x00007fff65e80000 - 0x00007fff65e8f000 	C:\Users\JOKER717\.jdks\ms-11.0.30\bin\instrument.dll
0x00007fff65e90000 - 0x00007fff65ea8000 	C:\Users\JOKER717\.jdks\ms-11.0.30\bin\zip.dll
0x00007ff811160000 - 0x00007ff8118ce000 	C:\WINDOWS\System32\SHELL32.dll
0x00007ff80f5f0000 - 0x00007ff80fe5c000 	C:\WINDOWS\System32\windows.storage.dll
0x00007ff80ff00000 - 0x00007ff80fff6000 	C:\WINDOWS\System32\SHCORE.dll
0x00007ff810450000 - 0x00007ff8104b6000 	C:\WINDOWS\System32\shlwapi.dll
0x00007ff80ea30000 - 0x00007ff80ea59000 	C:\WINDOWS\SYSTEM32\profapi.dll
0x00007fff65e60000 - 0x00007fff65e7b000 	C:\Users\JOKER717\.jdks\ms-11.0.30\bin\net.dll
0x00007ff805dd0000 - 0x00007ff805ef9000 	C:\WINDOWS\SYSTEM32\WINHTTP.dll
0x00007ff80de10000 - 0x00007ff80de7c000 	C:\WINDOWS\system32\mswsock.dll
0x00007fff65e10000 - 0x00007fff65e23000 	C:\Users\JOKER717\.jdks\ms-11.0.30\bin\nio.dll
0x00007ff80d2f0000 - 0x00007ff80d422000 	C:\WINDOWS\SYSTEM32\DNSAPI.dll
0x00007ff80d2b0000 - 0x00007ff80d2e2000 	C:\WINDOWS\SYSTEM32\IPHLPAPI.DLL
0x00007ff80fef0000 - 0x00007ff80fefa000 	C:\WINDOWS\System32\NSI.dll
0x00007ff804b80000 - 0x00007ff804b8b000 	C:\Windows\System32\rasadhlp.dll
0x00007ff806b30000 - 0x00007ff806bb6000 	C:\WINDOWS\System32\fwpuclnt.dll
0x00007fff65e50000 - 0x00007fff65e5a000 	C:\Users\JOKER717\.jdks\ms-11.0.30\bin\management.dll
0x00007fff55a10000 - 0x00007fff55a1c000 	C:\Users\JOKER717\.jdks\ms-11.0.30\bin\management_ext.dll
0x00007ff8106a0000 - 0x00007ff8106a8000 	C:\WINDOWS\System32\PSAPI.DLL
0x00007ff80e0f0000 - 0x00007ff80e10b000 	C:\WINDOWS\SYSTEM32\CRYPTSP.dll
0x00007ff80d800000 - 0x00007ff80d839000 	C:\WINDOWS\system32\rsaenh.dll
0x00007ff80dec0000 - 0x00007ff80def3000 	C:\WINDOWS\SYSTEM32\USERENV.dll
0x00007ff80ea00000 - 0x00007ff80ea2a000 	C:\WINDOWS\SYSTEM32\bcrypt.dll
0x00007ff80e110000 - 0x00007ff80e11c000 	C:\WINDOWS\SYSTEM32\CRYPTBASE.dll
0x00007ff8060b0000 - 0x00007ff8060cd000 	C:\WINDOWS\SYSTEM32\dhcpcsvc6.DLL
0x00007ff805fd0000 - 0x00007ff805ff5000 	C:\WINDOWS\SYSTEM32\dhcpcsvc.DLL
0x00007fffde2e0000 - 0x00007fffde2f8000 	C:\WINDOWS\system32\napinsp.dll
0x00007fffde180000 - 0x00007fffde193000 	C:\WINDOWS\System32\winrnr.dll
0x00007fffde150000 - 0x00007fffde172000 	C:\WINDOWS\system32\nlansp_c.dll
0x00007ff8042c0000 - 0x00007ff8042d6000 	C:\WINDOWS\system32\wshbth.dll
0x00007fffebdb0000 - 0x00007fffebe06000 	C:\WINDOWS\SYSTEM32\pdh.dll
0x00007fffdadd0000 - 0x00007fffdade2000 	C:\WINDOWS\System32\perfproc.dll
0x0000000180000000 - 0x0000000180374000 	D:\tomcat\apache-tomcat-9.0.104\bin\tcnative-1.dll
0x00007ff80f3b0000 - 0x00007ff80f528000 	C:\WINDOWS\System32\CRYPT32.dll
0x00007fff55d40000 - 0x00007fff55d4e000 	C:\Users\JOKER717\.jdks\ms-11.0.30\bin\sunmscapi.dll
0x00007ff80e310000 - 0x00007ff80e340000 	C:\WINDOWS\SYSTEM32\ncrypt.dll
0x00007ff80e2c0000 - 0x00007ff80e2ff000 	C:\WINDOWS\SYSTEM32\NTASN1.dll
0x00007fff55d50000 - 0x00007fff55d77000 	C:\Users\JOKER717\.jdks\ms-11.0.30\bin\sunec.dll

dbghelp: loaded successfully - version: 4.0.5 - missing functions: none
symbol engine: initialized successfully - sym options: 0x614 - pdb path: .;C:\Users\JOKER717\.jdks\ms-11.0.30\bin;C:\WINDOWS\SYSTEM32;C:\WINDOWS\WinSxS\amd64_microsoft.windows.common-controls_6595b64144ccf1df_6.0.26100.8328_none_3e08182ce334b678;C:\Users\JOKER717\.jdks\ms-11.0.30\bin\server;D:\tomcat\apache-tomcat-9.0.104\bin

VM Arguments:
jvm_args: -XX:TieredStopAtLevel=1 -Xverify:none -Dspring.output.ansi.enabled=always -Dcom.sun.management.jmxremote -Dspring.jmx.enabled=true -Dspring.liveBeansView.mbeanDomain -Dspring.application.admin.enabled=true -Dmanagement.endpoints.jmx.exposure.include=* -javaagent:D:\IDEA\IntelliJ IDEA 2025.1.3\lib\idea_rt.jar=6482 -Dfile.encoding=UTF-8 
java_command: com.zhihu.AdminServiceApplication
java_class_path (initial): D:\桌面\yianzhihu\joker\backend-mp\yiAnZhiHu-admin\target\classes;D:\桌面\yianzhihu\joker\backend-mp\yiAnZhiHu-common\target\classes;D:\ApacheMaven\apache-maven-3.6.1\mvn_repo\com\alibaba\fastjson\1.2.76\fastjson-1.2.76.jar;D:\ApacheMaven\apache-maven-3.6.1\mvn_repo\org\apache\httpcomponents\httpclient\4.5.14\httpclient-4.5.14.jar;D:\ApacheMaven\apache-maven-3.6.1\mvn_repo\org\apache\httpcomponents\httpcore\4.4.16\httpcore-4.4.16.jar;D:\ApacheMaven\apache-maven-3.6.1\mvn_repo\commons-codec\commons-codec\1.15\commons-codec-1.15.jar;D:\ApacheMaven\apache-maven-3.6.1\mvn_repo\com\squareup\okhttp3\okhttp\4.9.3\okhttp-4.9.3.jar;D:\ApacheMaven\apache-maven-3.6.1\mvn_repo\com\squareup\okio\okio\2.8.0\okio-2.8.0.jar;D:\ApacheMaven\apache-maven-3.6.1\mvn_repo\org\jetbrains\kotlin\kotlin-stdlib-common\1.6.21\kotlin-stdlib-common-1.6.21.jar;D:\ApacheMaven\apache-maven-3.6.1\mvn_repo\org\jetbrains\kotlin\kotlin-stdlib\1.6.21\kotlin-stdlib-1.6.21.jar;D:\ApacheMaven\apache-maven-3.6.1\mvn_repo\org\jetbrains\annotations\13.0\annotations-13.0.jar;D:\ApacheMaven\apache-maven-3.6.1\mvn_repo\org\projectlombok\lombok\1.18.36\lombok-1.18.36.jar;D:\ApacheMaven\apache-maven-3.6.1\mvn_repo\org\springframework\spring-web\5.3.29\spring-web-5.3.29.jar;D:\ApacheMaven\apache-maven-3.6.1\mvn_repo\org\springframework\spring-beans\5.3.29\spring-beans-5.3.29.jar;D:\ApacheMaven\apache-maven-3.6.1\mvn_repo\org\springframework\spring-core\5.3.29\spring-core-5.3.29.jar;D:\ApacheMaven\apache-maven-3.6.1\mvn_repo\org\springframework\spring-jcl\5.3.29\spring-jcl-5.3.29.jar;D:\ApacheMaven\apache-maven-3.6.1\mvn_repo\io\jsonwebtoken\jjwt\0.9.1\jjwt-0.9.1.jar;D:\ApacheMaven\apache-maven-3.6.1\mvn_repo\io\jsonwebtoken\jjwt-api\0.11.5\jjwt-api-0.11.5.jar;D:\ApacheMaven\apache-maven-3.6.1\mvn_repo\io\jsonwebtoken\jjwt-impl\0.11.5\jjwt-impl-0.11.5.jar;D:\ApacheMaven\apache-maven-3.6.1\mvn_repo\io\jsonwebtoken\jjwt-jackson\0.11.5\jjwt-jackson-0.11.5.jar;D:\ApacheMaven\apache-maven-3.6
Launcher Type: SUN_STANDARD

[Global flags]
     bool BytecodeVerificationLocal                = false                                     {product} {command line}
     bool BytecodeVerificationRemote               = false                                     {product} {command line}
     intx CICompilerCount                          = 12                                        {product} {ergonomic}
     uint ConcGCThreads                            = 3                                         {product} {ergonomic}
     uint G1ConcRefinementThreads                  = 13                                        {product} {ergonomic}
   size_t G1HeapRegionSize                         = 1048576                                   {product} {ergonomic}
    uintx GCDrainStackTargetSize                   = 64                                        {product} {ergonomic}
   size_t InitialHeapSize                          = 264241152                                 {product} {ergonomic}
     bool ManagementServer                         = true                                      {product} {command line}
   size_t MarkStackSize                            = 4194304                                   {product} {ergonomic}
   size_t MaxHeapSize                              = 4223664128                                {product} {ergonomic}
   size_t MaxNewSize                               = 2533359616                                {product} {ergonomic}
   size_t MinHeapDeltaBytes                        = 1048576                                   {product} {ergonomic}
    uintx NonNMethodCodeHeapSize                   = 12163472                               {pd product} {ergonomic}
    uintx NonProfiledCodeHeapSize                  = 239494768                              {pd product} {ergonomic}
    uintx ProfiledCodeHeapSize                     = 0                                      {pd product} {ergonomic}
    uintx ReservedCodeCacheSize                    = 251658240                              {pd product} {ergonomic}
     bool SegmentedCodeCache                       = true                                      {product} {ergonomic}
     intx TieredStopAtLevel                        = 1                                         {product} {command line}
     bool UseCompressedClassPointers               = true                                 {lp64_product} {ergonomic}
     bool UseCompressedOops                        = true                                 {lp64_product} {ergonomic}
     bool UseG1GC                                  = true                                      {product} {ergonomic}
     bool UseLargePagesIndividualAllocation        = false                                  {pd product} {ergonomic}

Logging:
Log output configuration:
 #0: stdout all=warning uptime,level,tags
 #1: stderr all=off uptime,level,tags

Environment Variables:
JAVA_HOME=D:\Java\jdk21
PATH=D:\VMwareTools\VMware\bin\;D:\Java\jdk21\bin;D:\python\Scripts\;D:\python\;C:\Windows\System32\HWAudioDriverLibs;C:\Windows\system32;C:\Windows;C:\Windows\System32\Wbem;C:\Windows\System32\WindowsPowerShell\v1.0\;C:\Windows\System32\OpenSSH\;C:\Users\Administrator\AppData\Local\Microsoft\WindowsApps;C:\Windows\system32\config\systemprofile\AppData\Local\Microsoft\WindowsApps;C:\windows\system32\HWAudioDriver\;C:\WINDOWS\system32;C:\WINDOWS;C:\WINDOWS\System32\Wbem;C:\WINDOWS\System32\WindowsPowerShell\v1.0\;C:\WINDOWS\System32\OpenSSH\;D:\git\Git\cmd;D:\maven\apache-maven-3.9.11\bin;D:\tomcat\apache-tomcat-9.0.104\bin;D:\微信小程序开发\微信web开发者工具\dll;D:\node\;D:\node\node_global\node_modules;C:\Program Files\MySQL\MySQL Server 8.0\bin;D:\Erlang\Erlang OTP\bin;D:\RabbitMq\rabbitmq_server-4.3.0\sbin;d:\Trae\Trae CN\bin;C:\Users\JOKER717\AppData\Local\Programs\Python\Launcher\;C:\Users\JOKER717\AppData\Local\Microsoft\WindowsApps;D:\VScode\Microsoft VS Code\bin;D:\pycharm\PyCharm 2025.1.1\bin;D:\idea\IntelliJ IDEA 2025.1.1.1\bin;D:\Qoder\Qoder\bin;D:\Fiddler;D:\node\node_global;
USERNAME=JOKER717
OS=Windows_NT
PROCESSOR_IDENTIFIER=Intel64 Family 6 Model 154 Stepping 3, GenuineIntel
TMP=C:\Users\JOKER717\AppData\Local\Temp
TEMP=C:\Users\JOKER717\AppData\Local\Temp



---------------  S Y S T E M  ---------------

OS: Windows 11 , 64 bit Build 26100 (10.0.26100.8328)
OS uptime: 0 days 10:16 hours

CPU:total 16 (initial active 16) (16 cores per cpu, 1 threads per core) family 6 model 154 stepping 3 microcode 0x41e, cmov, cx8, fxsr, mmx, sse, sse2, sse3, ssse3, sse4.1, sse4.2, popcnt, avx, avx2, aes, clmul, erms, 3dnowpref, lzcnt, tsc, tscinvbit, bmi1, bmi2, adx, sha, fma

Memory: 4k page, system-wide physical 16110M (1213M free)
TotalPageFile size 37870M (AvailPageFile size 1M)
current process WorkingSet (physical memory assigned to process): 66M, peak: 572M
current process commit charge ("private bytes"): 903M, peak: 906M

vm_info: OpenJDK 64-Bit Server VM (11.0.30+7-LTS) for windows-amd64 JRE (11.0.30+7-LTS), built on Jan 14 2026 18:06:18 by "MicrosoftCorporation" with unknown MS VC++:1943

END.
